**
(main.tex
LaTeX2e <2021-11-15> patch level 1
L3 programming layer <2022-02-24> (IEEEtran.cls
Document Class: IEEEtran 2015/08/26 V1.8b by Michael Shell
-- See the "IEEEtran_HOWTO" manual for usage information.
-- http://www.michaelshell.org/tex/ieeetran/
\@IEEEtrantmpdimenA=\dimen138
\@IEEEtrantmpdimenB=\dimen139
\@IEEEtrantmpdimenC=\dimen140
\@IEEEtrantmpcountA=\count181
\@IEEEtrantmpcountB=\count182
\@IEEEtrantmpcountC=\count183
\@IEEEtrantmptoksA=\toks16
LaTeX Font Info:    Trying to load font information for TU+ptm on input line 50
3.
LaTeX Font Info:    No file TUptm.fd. on input line 503.

LaTeX Font Warning: Font shape `TU/ptm/m/n' undefined
(Font)              using `TU/lmr/m/n' instead on input line 503.

-- Using 8.5in x 11in (letter) paper.
-- Using DVI output.
\@IEEEnormalsizeunitybaselineskip=\dimen141
-- This is a 10 point document.
\CLASSINFOnormalsizebaselineskip=\dimen142
\CLASSINFOnormalsizeunitybaselineskip=\dimen143
\IEEEnormaljot=\dimen144

LaTeX Font Warning: Font shape `TU/ptm/bx/n' undefined
(Font)              using `TU/ptm/m/n' instead on input line 1090.


LaTeX Font Warning: Font shape `TU/ptm/m/it' undefined
(Font)              using `TU/ptm/m/n' instead on input line 1090.


LaTeX Font Warning: Font shape `TU/ptm/bx/it' undefined
(Font)              using `TU/ptm/bx/n' instead on input line 1090.

\IEEEquantizedlength=\dimen145
\IEEEquantizedlengthdiff=\dimen146
\IEEEquantizedtextheightdiff=\dimen147
\IEEEilabelindentA=\dimen148
\IEEEilabelindentB=\dimen149
\IEEEilabelindent=\dimen150
\IEEEelabelindent=\dimen151
\IEEEdlabelindent=\dimen152
\IEEElabelindent=\dimen153
\IEEEiednormlabelsep=\dimen154
\IEEEiedmathlabelsep=\dimen155
\IEEEiedtopsep=\skip47
\c@section=\count184
\c@subsection=\count185
\c@subsubsection=\count186
\c@paragraph=\count187
\c@IEEEsubequation=\count188
\abovecaptionskip=\skip48
\belowcaptionskip=\skip49
\c@figure=\count189
\c@table=\count190
\@IEEEeqnnumcols=\count191
\@IEEEeqncolcnt=\count192
\@IEEEsubeqnnumrollback=\count193
\@IEEEquantizeheightA=\dimen156
\@IEEEquantizeheightB=\dimen157
\@IEEEquantizeheightC=\dimen158
\@IEEEquantizeprevdepth=\dimen159
\@IEEEquantizemultiple=\count194
\@IEEEquantizeboxA=\box50
\@IEEEtmpitemindent=\dimen160
\IEEEPARstartletwidth=\dimen161
\c@IEEEbiography=\count195
\@IEEEtranrubishbin=\box51
) (amsmath.sty
Package: amsmath 2021/10/15 v2.17l AMS math features
\@mathmargin=\skip50

For additional information on amsmath, use the `?' option.
(amstext.sty
Package: amstext 2021/08/26 v2.01 AMS text
 (amsgen.sty
File: amsgen.sty 1999/11/30 v2.0 generic functions
\@emptytoks=\toks17
\ex@=\dimen162
)) (amsbsy.sty
Package: amsbsy 1999/11/29 v1.2d Bold Symbols
\pmbraise@=\dimen163
) (amsopn.sty
Package: amsopn 2021/08/26 v2.02 operator names
)
\inf@bad=\count196
LaTeX Info: Redefining \frac on input line 234.
\uproot@=\count197
\leftroot@=\count198
LaTeX Info: Redefining \overline on input line 399.
\classnum@=\count199
\DOTSCASE@=\count266
LaTeX Info: Redefining \ldots on input line 496.
LaTeX Info: Redefining \dots on input line 499.
LaTeX Info: Redefining \cdots on input line 620.
\Mathstrutbox@=\box52
\strutbox@=\box53
\big@size=\dimen164
LaTeX Font Info:    Redeclaring font encoding OML on input line 743.
LaTeX Font Info:    Redeclaring font encoding OMS on input line 744.
\macc@depth=\count267
\c@MaxMatrixCols=\count268
\dotsspace@=\muskip16
\c@parentequation=\count269
\dspbrk@lvl=\count270
\tag@help=\toks18
\row@=\count271
\column@=\count272
\maxfields@=\count273
\andhelp@=\toks19
\eqnshift@=\dimen165
\alignsep@=\dimen166
\tagshift@=\dimen167
\tagwidth@=\dimen168
\totwidth@=\dimen169
\lineht@=\dimen170
\@envbody=\toks20
\multlinegap=\skip51
\multlinetaggap=\skip52
\mathdisplay@stack=\toks21
LaTeX Info: Redefining \[ on input line 2938.
LaTeX Info: Redefining \] on input line 2939.
) (amssymb.sty
Package: amssymb 2013/01/14 v3.01 AMS font symbols

(amsfonts.sty
Package: amsfonts 2013/01/14 v3.01 Basic AMSFonts support
\symAMSa=\mathgroup4
\symAMSb=\mathgroup5
LaTeX Font Info:    Redeclaring math symbol \hbar on input line 98.
LaTeX Font Info:    Overwriting math alphabet `\mathfrak' in version `bold'
(Font)                  U/euf/m/n --> U/euf/b/n on input line 106.
)) (graphicx.sty
Package: graphicx 2021/09/16 v1.2d Enhanced LaTeX Graphics (DPC,SPQR)
 (keyval.sty
Package: keyval 2014/10/28 v1.15 key=value parser (DPC)
\KV@toks@=\toks22
) (graphics.sty
Package: graphics 2021/03/04 v1.4d Standard LaTeX Graphics (DPC,SPQR)
 (trig.sty
Package: trig 2021/08/11 v1.11 sin cos tan (DPC)
)
(graphics.cfg
File: graphics.cfg 2016/06/04 v1.11 sample graphics configuration
)
Package graphics Info: Driver file: xetex.def on input line 107.
 (xetex.def
File: xetex.def 2021/03/18 v5.0k Graphics/color driver for xetex
))
\Gin@req@height=\dimen171
\Gin@req@width=\dimen172
) (booktabs.sty
Package: booktabs 2020/01/12 v1.61803398 Publication quality tables
\heavyrulewidth=\dimen173
\lightrulewidth=\dimen174
\cmidrulewidth=\dimen175
\belowrulesep=\dimen176
\belowbottomsep=\dimen177
\aboverulesep=\dimen178
\abovetopsep=\dimen179
\cmidrulesep=\dimen180
\cmidrulekern=\dimen181
\defaultaddspace=\dimen182
\@cmidla=\count274
\@cmidlb=\count275
\@aboverulesep=\dimen183
\@belowrulesep=\dimen184
\@thisruleclass=\count276
\@lastruleclass=\count277
\@thisrulewidth=\dimen185
) (xcolor.sty
Package: xcolor 2021/10/31 v2.13 LaTeX color extensions (UK)
 (color.cfg
File: color.cfg 2016/01/02 v1.6 sample color configuration
)
Package xcolor Info: Driver file: xetex.def on input line 227.
Package xcolor Info: Model `cmy' substituted by `cmy0' on input line 1352.
Package xcolor Info: Model `RGB' extended on input line 1368.
Package xcolor Info: Model `HTML' substituted by `rgb' on input line 1370.
Package xcolor Info: Model `Hsb' substituted by `hsb' on input line 1371.
Package xcolor Info: Model `tHsb' substituted by `hsb' on input line 1372.
Package xcolor Info: Model `HSB' substituted by `hsb' on input line 1373.
Package xcolor Info: Model `Gray' substituted by `gray' on input line 1374.
Package xcolor Info: Model `wave' substituted by `hsb' on input line 1375.
)
(todonotes.sty
Package: todonotes 2021/06/04 v1.1.5 Todonotes source and documentation.
Package: todonotes 2021/06/04
 (ifthen.sty
Package: ifthen 2020/11/24 v1.1c Standard LaTeX ifthen package (DPC)
) (xkeyval.sty
Package: xkeyval 2020/11/20 v2.8 package option processing (HA)
 (xkeyval (xkvutils
\XKV@toks=\toks23
\XKV@tempa@toks=\toks24
)
\XKV@depth=\count278
File: xkeyval.tex 2014/12/03 v2.7a key=value parser (HA)
)) (tikz.sty
(pgf.sty (pgfrcs.sty (pgfutil-common.tex
\pgfutil@everybye=\toks25
\pgfutil@tempdima=\dimen186
\pgfutil@tempdimb=\dimen187
 (pgfutil-common-lists.tex))
(pgfutil-latex.def
\pgfutil@abb=\box54
) (pgfrcs.code.tex (pgf.revision.tex)
Package: pgfrcs 2021/05/15 v3.1.9a (3.1.9a)
))
Package: pgf 2021/05/15 v3.1.9a (3.1.9a)
 (pgfcore.sty
(pgfsys.sty (pgfsys.code.tex
Package: pgfsys 2021/05/15 v3.1.9a (3.1.9a)
 (pgfkeys.code.tex
\pgfkeys@pathtoks=\toks26
\pgfkeys@temptoks=\toks27
 (pgfkeysfiltered.code.tex
\pgfkeys@tmptoks=\toks28
))
\pgf@x=\dimen188
\pgf@y=\dimen189
\pgf@xa=\dimen190
\pgf@ya=\dimen191
\pgf@xb=\dimen192
\pgf@yb=\dimen193
\pgf@xc=\dimen194
\pgf@yc=\dimen195
\pgf@xd=\dimen196
\pgf@yd=\dimen197
\w@pgf@writea=\write3
\r@pgf@reada=\read2
\c@pgf@counta=\count279
\c@pgf@countb=\count280
\c@pgf@countc=\count281
\c@pgf@countd=\count282
\t@pgf@toka=\toks29
\t@pgf@tokb=\toks30
\t@pgf@tokc=\toks31
\pgf@sys@id@count=\count283

(pgf.cfg
File: pgf.cfg 2021/05/15 v3.1.9a (3.1.9a)
)
Driver file for pgf: pgfsys-xetex.def
 (pgfsys-xetex.def
File: pgfsys-xetex.def 2021/05/15 v3.1.9a (3.1.9a)
 (pgfsys-dvipdfmx.def
File: pgfsys-dvipdfmx.def 2021/05/15 v3.1.9a (3.1.9a)
 (pgfsys-common-pdf.def
File: pgfsys-common-pdf.def 2021/05/15 v3.1.9a (3.1.9a)
)
\pgfsys@objnum=\count284
)))
(pgfsyssoftpath.code.tex
File: pgfsyssoftpath.code.tex 2021/05/15 v3.1.9a (3.1.9a)
\pgfsyssoftpath@smallbuffer@items=\count285
\pgfsyssoftpath@bigbuffer@items=\count286
) (pgfsysprotocol.code.tex
File: pgfsysprotocol.code.tex 2021/05/15 v3.1.9a (3.1.9a)
)) (pgfcore.code.tex
Package: pgfcore 2021/05/15 v3.1.9a (3.1.9a)

(pgfmath.code.tex (pgfmathcalc.code.tex (pgfmathutil.code.tex)
(pgfmathparser.code.tex
\pgfmath@dimen=\dimen198
\pgfmath@count=\count287
\pgfmath@box=\box55
\pgfmath@toks=\toks32
\pgfmath@stack@operand=\toks33
\pgfmath@stack@operation=\toks34
) (pgfmathfunctions.code.tex
(pgfmathfunctions.basic.code.tex) (pgfmathfunctions.trigonometric.code.tex)
(pgfmathfunctions.random.code.tex) (pgfmathfunctions.comparison.code.tex)
(pgfmathfunctions.base.code.tex) (pgfmathfunctions.round.code.tex)
(pgfmathfunctions.misc.code.tex) (pgfmathfunctions.integerarithmetics.code.tex)
)) (pgfmathfloat.code.tex
\c@pgfmathroundto@lastzeros=\count288
)) (pgfint.code.tex) (pgfcorepoints.code.tex
File: pgfcorepoints.code.tex 2021/05/15 v3.1.9a (3.1.9a)
\pgf@picminx=\dimen199
\pgf@picmaxx=\dimen256
\pgf@picminy=\dimen257
\pgf@picmaxy=\dimen258
\pgf@pathminx=\dimen259
\pgf@pathmaxx=\dimen260
\pgf@pathminy=\dimen261
\pgf@pathmaxy=\dimen262
\pgf@xx=\dimen263
\pgf@xy=\dimen264
\pgf@yx=\dimen265
\pgf@yy=\dimen266
\pgf@zx=\dimen267
\pgf@zy=\dimen268
)
(pgfcorepathconstruct.code.tex
File: pgfcorepathconstruct.code.tex 2021/05/15 v3.1.9a (3.1.9a)
\pgf@path@lastx=\dimen269
\pgf@path@lasty=\dimen270
) (pgfcorepathusage.code.tex
File: pgfcorepathusage.code.tex 2021/05/15 v3.1.9a (3.1.9a)
\pgf@shorten@end@additional=\dimen271
\pgf@shorten@start@additional=\dimen272
)
(pgfcorescopes.code.tex
File: pgfcorescopes.code.tex 2021/05/15 v3.1.9a (3.1.9a)
\pgfpic=\box56
\pgf@hbox=\box57
\pgf@layerbox@main=\box58
\pgf@picture@serial@count=\count289
) (pgfcoregraphicstate.code.tex
File: pgfcoregraphicstate.code.tex 2021/05/15 v3.1.9a (3.1.9a)
\pgflinewidth=\dimen273
)
(pgfcoretransformations.code.tex
File: pgfcoretransformations.code.tex 2021/05/15 v3.1.9a (3.1.9a)
\pgf@pt@x=\dimen274
\pgf@pt@y=\dimen275
\pgf@pt@temp=\dimen276
) (pgfcorequick.code.tex
File: pgfcorequick.code.tex 2021/05/15 v3.1.9a (3.1.9a)
)
(pgfcoreobjects.code.tex
File: pgfcoreobjects.code.tex 2021/05/15 v3.1.9a (3.1.9a)
) (pgfcorepathprocessing.code.tex
File: pgfcorepathprocessing.code.tex 2021/05/15 v3.1.9a (3.1.9a)
)
(pgfcorearrows.code.tex
File: pgfcorearrows.code.tex 2021/05/15 v3.1.9a (3.1.9a)
\pgfarrowsep=\dimen277
) (pgfcoreshade.code.tex
File: pgfcoreshade.code.tex 2021/05/15 v3.1.9a (3.1.9a)
\pgf@max=\dimen278
\pgf@sys@shading@range@num=\count290
\pgf@shadingcount=\count291
) (pgfcoreimage.code.tex
File: pgfcoreimage.code.tex 2021/05/15 v3.1.9a (3.1.9a)

(pgfcoreexternal.code.tex
File: pgfcoreexternal.code.tex 2021/05/15 v3.1.9a (3.1.9a)
\pgfexternal@startupbox=\box59
)) (pgfcorelayers.code.tex
File: pgfcorelayers.code.tex 2021/05/15 v3.1.9a (3.1.9a)
)
(pgfcoretransparency.code.tex
File: pgfcoretransparency.code.tex 2021/05/15 v3.1.9a (3.1.9a)
) (pgfcorepatterns.code.tex
File: pgfcorepatterns.code.tex 2021/05/15 v3.1.9a (3.1.9a)
) (pgfcorerdf.code.tex
File: pgfcorerdf.code.tex 2021/05/15 v3.1.9a (3.1.9a)
))) (pgfmoduleshapes.code.tex
File: pgfmoduleshapes.code.tex 2021/05/15 v3.1.9a (3.1.9a)
\pgfnodeparttextbox=\box60
) (pgfmoduleplot.code.tex
File: pgfmoduleplot.code.tex 2021/05/15 v3.1.9a (3.1.9a)
)
(pgfcomp-version-0-65.sty
Package: pgfcomp-version-0-65 2021/05/15 v3.1.9a (3.1.9a)
\pgf@nodesepstart=\dimen279
\pgf@nodesepend=\dimen280
) (pgfcomp-version-1-18.sty
Package: pgfcomp-version-1-18 2021/05/15 v3.1.9a (3.1.9a)
)) (pgffor.sty (pgfkeys.sty (pgfkeys.code.tex)) (pgfmath.sty (pgfmath.code.tex)
) (pgffor.code.tex
Package: pgffor 2021/05/15 v3.1.9a (3.1.9a)

(pgfmath.code.tex)
\pgffor@iter=\dimen281
\pgffor@skip=\dimen282
\pgffor@stack=\toks35
\pgffor@toks=\toks36
)) (tikz.code.tex
Package: tikz 2021/05/15 v3.1.9a (3.1.9a)
 (pgflibraryplothandlers.code.tex
File: pgflibraryplothandlers.code.tex 2021/05/15 v3.1.9a (3.1.9a)
\pgf@plot@mark@count=\count292
\pgfplotmarksize=\dimen283
)
\tikz@lastx=\dimen284
\tikz@lasty=\dimen285
\tikz@lastxsaved=\dimen286
\tikz@lastysaved=\dimen287
\tikz@lastmovetox=\dimen288
\tikz@lastmovetoy=\dimen289
\tikzleveldistance=\dimen290
\tikzsiblingdistance=\dimen291
\tikz@figbox=\box61
\tikz@figbox@bg=\box62
\tikz@tempbox=\box63
\tikz@tempbox@bg=\box64
\tikztreelevel=\count293
\tikznumberofchildren=\count294
\tikznumberofcurrentchild=\count295
\tikz@fig@count=\count296

(pgfmodulematrix.code.tex
File: pgfmodulematrix.code.tex 2021/05/15 v3.1.9a (3.1.9a)
\pgfmatrixcurrentrow=\count297
\pgfmatrixcurrentcolumn=\count298
\pgf@matrix@numberofcolumns=\count299
)
\tikz@expandcount=\count300
 (tikzlibrarytopaths.code.tex
File: tikzlibrarytopaths.code.tex 2021/05/15 v3.1.9a (3.1.9a)
)))
(tikzlibrarypositioning.code.tex
File: tikzlibrarypositioning.code.tex 2021/05/15 v3.1.9a (3.1.9a)
) (calc.sty
Package: calc 2017/05/25 v4.3 Infix arithmetic (KKT,FJ)
\calc@Acount=\count301
\calc@Bcount=\count302
\calc@Adimen=\dimen292
\calc@Bdimen=\dimen293
\calc@Askip=\skip53
\calc@Bskip=\skip54
LaTeX Info: Redefining \setlength on input line 80.
LaTeX Info: Redefining \addtolength on input line 81.
\calc@Ccount=\count303
\calc@Cskip=\skip55
)
\c@@todonotes@numberoftodonotes=\count304
) (l3backend-xetex.def
File: l3backend-xetex.def 2022-02-07 L3 backend support: XeTeX
\c__kernel_sys_dvipdfmx_version_int=\count305
\l__color_backend_stack_int=\count306
\g__color_backend_stack_int=\count307
\g__graphics_track_int=\count308
\l__pdf_internal_box=\box65
\g__pdf_backend_object_int=\count309
\g__pdf_backend_annotation_int=\count310
\g__pdf_backend_link_int=\count311
) (main.aux)
\openout1 = `main.aux'.

LaTeX Font Info:    Checking defaults for OML/cmm/m/it on input line 21.
LaTeX Font Info:    ... okay on input line 21.
LaTeX Font Info:    Checking defaults for OMS/cmsy/m/n on input line 21.
LaTeX Font Info:    ... okay on input line 21.
LaTeX Font Info:    Checking defaults for OT1/cmr/m/n on input line 21.
LaTeX Font Info:    ... okay on input line 21.
LaTeX Font Info:    Checking defaults for T1/cmr/m/n on input line 21.
LaTeX Font Info:    ... okay on input line 21.
LaTeX Font Info:    Checking defaults for TS1/cmr/m/n on input line 21.
LaTeX Font Info:    Trying to load font information for TS1+cmr on input line 2
1.

(ts1cmr.fd
File: ts1cmr.fd 2019/12/16 v2.5j Standard LaTeX font definitions
)
LaTeX Font Info:    ... okay on input line 21.
LaTeX Font Info:    Checking defaults for TU/lmr/m/n on input line 21.
LaTeX Font Info:    ... okay on input line 21.
LaTeX Font Info:    Checking defaults for OMX/cmex/m/n on input line 21.
LaTeX Font Info:    ... okay on input line 21.
LaTeX Font Info:    Checking defaults for U/cmr/m/n on input line 21.
LaTeX Font Info:    ... okay on input line 21.


LaTeX Font Warning: Font shape `TU/ptm/b/n' undefined
(Font)              using `TU/ptm/bx/n' instead on input line 21.


LaTeX Font Warning: Font shape `TU/ptm/b/it' undefined
(Font)              using `TU/ptm/bx/it' instead on input line 21.


LaTeX Font Warning: Font shape `TU/ptm/b/n' undefined
(Font)              using `TU/ptm/bx/n' instead on input line 21.


LaTeX Font Warning: Font shape `TU/ptm/b/it' undefined
(Font)              using `TU/ptm/bx/it' instead on input line 21.


LaTeX Font Warning: Font shape `TU/ptm/b/n' undefined
(Font)              using `TU/ptm/bx/n' instead on input line 21.


LaTeX Font Warning: Font shape `TU/ptm/b/it' undefined
(Font)              using `TU/ptm/bx/it' instead on input line 21.


LaTeX Font Warning: Font shape `TU/ptm/b/n' undefined
(Font)              using `TU/ptm/bx/n' instead on input line 21.


LaTeX Font Warning: Font shape `TU/ptm/b/it' undefined
(Font)              using `TU/ptm/bx/it' instead on input line 21.


LaTeX Font Warning: Font shape `TU/ptm/b/n' undefined
(Font)              using `TU/ptm/bx/n' instead on input line 21.


LaTeX Font Warning: Font shape `TU/ptm/b/it' undefined
(Font)              using `TU/ptm/bx/it' instead on input line 21.


LaTeX Font Warning: Font shape `TU/ptm/b/n' undefined
(Font)              using `TU/ptm/bx/n' instead on input line 21.


LaTeX Font Warning: Font shape `TU/ptm/b/it' undefined
(Font)              using `TU/ptm/bx/it' instead on input line 21.


LaTeX Font Warning: Font shape `TU/ptm/b/n' undefined
(Font)              using `TU/ptm/bx/n' instead on input line 21.


LaTeX Font Warning: Font shape `TU/ptm/b/it' undefined
(Font)              using `TU/ptm/bx/it' instead on input line 21.


LaTeX Font Warning: Font shape `TU/ptm/b/n' undefined
(Font)              using `TU/ptm/bx/n' instead on input line 21.


LaTeX Font Warning: Font shape `TU/ptm/b/it' undefined
(Font)              using `TU/ptm/bx/it' instead on input line 21.


LaTeX Font Warning: Font shape `TU/ptm/b/n' undefined
(Font)              using `TU/ptm/bx/n' instead on input line 21.


LaTeX Font Warning: Font shape `TU/ptm/b/it' undefined
(Font)              using `TU/ptm/bx/it' instead on input line 21.


LaTeX Font Warning: Font shape `TU/ptm/b/n' undefined
(Font)              using `TU/ptm/bx/n' instead on input line 21.


LaTeX Font Warning: Font shape `TU/ptm/b/it' undefined
(Font)              using `TU/ptm/bx/it' instead on input line 21.

-- Lines per column: 56 (exact).

Package todonotes Warning: The length marginparwidth is less than 2cm and will 
most likely cause issues with the appearance of inserted todonotes. The issue c
an be solved by adding a line like \setlength {\marginparwidth }{2cm} prior to 
loading the todonotes package. on input line 21.


! LaTeX Error: Not in outer par mode.

See the LaTeX manual or LaTeX Companion for explanation.
Type  H <return>  for immediate help.
 ...                                              
                                                  
l.23 \maketitle
               
You've lost some text.  Try typing  <return>  to proceed.
If that doesn't work, type  X <return>  to quit.

! Undefined control sequence.
<argument> \@marbox 
                    
l.23 \maketitle
               
The control sequence at the end of the top line
of your error message was never \def'ed. If you have
misspelled it (e.g., `\hobx'), type `I' and the correct
spelling (e.g., `I\hbox'). Otherwise just continue,
and I'll forget about whatever was undefined.

! Missing number, treated as zero.
<to be read again> 
                   \vbox 
l.23 \maketitle
               
A number should have been here; I inserted `0'.
(If you can't figure out why I needed to see a number,
look up `weird error' in the index to The TeXbook.)


Overfull \hbox (17.906pt too wide) in paragraph at lines 23--23
[][][]\TU/ptm/bx/it/10 USER: 
 []


Overfull \hbox (1.78601pt too wide) in paragraph at lines 23--23
\TU/ptm/bx/it/10 au- 
 []


Overfull \hbox (6.266pt too wide) in paragraph at lines 23--23
\TU/ptm/bx/it/10 thor 
 []


Overfull \hbox (22.94601pt too wide) in paragraph at lines 23--23
\TU/ptm/bx/it/10 name(s)[]  
 []


Overfull \hbox (17.906pt too wide) in paragraph at lines 23--23
[][][]\TU/ptm/bx/it/10 USER: 
 []


Overfull \hbox (1.78601pt too wide) in paragraph at lines 23--23
\TU/ptm/bx/it/10 au- 
 []


Overfull \hbox (6.266pt too wide) in paragraph at lines 23--23
\TU/ptm/bx/it/10 thor 
 []


Overfull \hbox (22.94601pt too wide) in paragraph at lines 23--23
\TU/ptm/bx/it/10 name(s)[]  
 []


! LaTeX Error: Not in outer par mode.

See the LaTeX manual or LaTeX Companion for explanation.
Type  H <return>  for immediate help.
 ...                                              
                                                  
l.23 \maketitle
               
You've lost some text.  Try typing  <return>  to proceed.
If that doesn't work, type  X <return>  to quit.

! Undefined control sequence.
<argument> \@marbox 
                    
l.23 \maketitle
               
The control sequence at the end of the top line
of your error message was never \def'ed. If you have
misspelled it (e.g., `\hobx'), type `I' and the correct
spelling (e.g., `I\hbox'). Otherwise just continue,
and I'll forget about whatever was undefined.

! Missing number, treated as zero.
<to be read again> 
                   \vbox 
l.23 \maketitle
               
A number should have been here; I inserted `0'.
(If you can't figure out why I needed to see a number,
look up `weird error' in the index to The TeXbook.)


Overfull \hbox (17.906pt too wide) in paragraph at lines 23--23
[][][]\TU/ptm/bx/it/10 USER: 
 []


Overfull \hbox (11.22601pt too wide) in paragraph at lines 23--23
\TU/ptm/bx/it/10 email 
 []


Overfull \hbox (1.78601pt too wide) in paragraph at lines 23--23
\TU/ptm/bx/it/10 ad- 
 []


Overfull \hbox (25.85602pt too wide) in paragraph at lines 23--23
\TU/ptm/bx/it/10 dress(es)[]  
 []


Overfull \hbox (17.906pt too wide) in paragraph at lines 23--23
[][][]\TU/ptm/bx/it/10 USER: 
 []


Overfull \hbox (11.22601pt too wide) in paragraph at lines 23--23
\TU/ptm/bx/it/10 email 
 []


Overfull \hbox (1.78601pt too wide) in paragraph at lines 23--23
\TU/ptm/bx/it/10 ad- 
 []


Overfull \hbox (25.85602pt too wide) in paragraph at lines 23--23
\TU/ptm/bx/it/10 dress(es)[]  
 []


! LaTeX Error: Not in outer par mode.

See the LaTeX manual or LaTeX Companion for explanation.
Type  H <return>  for immediate help.
 ...                                              
                                                  
l.23 \maketitle
               
You've lost some text.  Try typing  <return>  to proceed.
If that doesn't work, type  X <return>  to quit.

! Undefined control sequence.
<argument> \@marbox 
                    
l.23 \maketitle
               
The control sequence at the end of the top line
of your error message was never \def'ed. If you have
misspelled it (e.g., `\hobx'), type `I' and the correct
spelling (e.g., `I\hbox'). Otherwise just continue,
and I'll forget about whatever was undefined.

! Missing number, treated as zero.
<to be read again> 
                   \vbox 
l.23 \maketitle
               
A number should have been here; I inserted `0'.
(If you can't figure out why I needed to see a number,
look up `weird error' in the index to The TeXbook.)


Overfull \hbox (17.906pt too wide) in paragraph at lines 23--23
[][][]\TU/ptm/bx/it/10 USER: 
 []


Overfull \hbox (1.78601pt too wide) in paragraph at lines 23--23
\TU/ptm/bx/it/10 au- 
 []


Overfull \hbox (6.266pt too wide) in paragraph at lines 23--23
\TU/ptm/bx/it/10 thor 
 []


Overfull \hbox (22.94601pt too wide) in paragraph at lines 23--23
\TU/ptm/bx/it/10 name(s)[]  
 []


Overfull \hbox (17.906pt too wide) in paragraph at lines 23--23
[][][]\TU/ptm/bx/it/10 USER: 
 []


Overfull \hbox (1.78601pt too wide) in paragraph at lines 23--23
\TU/ptm/bx/it/10 au- 
 []


Overfull \hbox (6.266pt too wide) in paragraph at lines 23--23
\TU/ptm/bx/it/10 thor 
 []


Overfull \hbox (22.94601pt too wide) in paragraph at lines 23--23
\TU/ptm/bx/it/10 name(s)[]  
 []


! LaTeX Error: Not in outer par mode.

See the LaTeX manual or LaTeX Companion for explanation.
Type  H <return>  for immediate help.
 ...                                              
                                                  
l.23 \maketitle
               
You've lost some text.  Try typing  <return>  to proceed.
If that doesn't work, type  X <return>  to quit.

! Undefined control sequence.
<argument> \@marbox 
                    
l.23 \maketitle
               
The control sequence at the end of the top line
of your error message was never \def'ed. If you have
misspelled it (e.g., `\hobx'), type `I' and the correct
spelling (e.g., `I\hbox'). Otherwise just continue,
and I'll forget about whatever was undefined.

! Missing number, treated as zero.
<to be read again> 
                   \vbox 
l.23 \maketitle
               
A number should have been here; I inserted `0'.
(If you can't figure out why I needed to see a number,
look up `weird error' in the index to The TeXbook.)


Overfull \hbox (17.906pt too wide) in paragraph at lines 23--23
[][][]\TU/ptm/bx/it/10 USER: 
 []


Overfull \hbox (11.22601pt too wide) in paragraph at lines 23--23
\TU/ptm/bx/it/10 email 
 []


Overfull \hbox (1.78601pt too wide) in paragraph at lines 23--23
\TU/ptm/bx/it/10 ad- 
 []


Overfull \hbox (25.85602pt too wide) in paragraph at lines 23--23
\TU/ptm/bx/it/10 dress(es)[]  
 []


Overfull \hbox (17.906pt too wide) in paragraph at lines 23--23
[][][]\TU/ptm/bx/it/10 USER: 
 []


Overfull \hbox (11.22601pt too wide) in paragraph at lines 23--23
\TU/ptm/bx/it/10 email 
 []


Overfull \hbox (1.78601pt too wide) in paragraph at lines 23--23
\TU/ptm/bx/it/10 ad- 
 []


Overfull \hbox (25.85602pt too wide) in paragraph at lines 23--23
\TU/ptm/bx/it/10 dress(es)[]  
 []


! LaTeX Error: Not in outer par mode.

See the LaTeX manual or LaTeX Companion for explanation.
Type  H <return>  for immediate help.
 ...                                              
                                                  
l.23 \maketitle
               
You've lost some text.  Try typing  <return>  to proceed.
If that doesn't work, type  X <return>  to quit.

! Undefined control sequence.
<argument> \@marbox 
                    
l.23 \maketitle
               
The control sequence at the end of the top line
of your error message was never \def'ed. If you have
misspelled it (e.g., `\hobx'), type `I' and the correct
spelling (e.g., `I\hbox'). Otherwise just continue,
and I'll forget about whatever was undefined.

! Missing number, treated as zero.
<to be read again> 
                   \vbox 
l.23 \maketitle
               
A number should have been here; I inserted `0'.
(If you can't figure out why I needed to see a number,
look up `weird error' in the index to The TeXbook.)


Overfull \hbox (17.906pt too wide) in paragraph at lines 23--23
[][][]\TU/ptm/bx/it/10 USER: 
 []


Overfull \hbox (1.78601pt too wide) in paragraph at lines 23--23
\TU/ptm/bx/it/10 au- 
 []


Overfull \hbox (6.266pt too wide) in paragraph at lines 23--23
\TU/ptm/bx/it/10 thor 
 []


Overfull \hbox (22.94601pt too wide) in paragraph at lines 23--23
\TU/ptm/bx/it/10 name(s)[]  
 []


Overfull \hbox (17.906pt too wide) in paragraph at lines 23--23
[][][]\TU/ptm/bx/it/10 USER: 
 []


Overfull \hbox (1.78601pt too wide) in paragraph at lines 23--23
\TU/ptm/bx/it/10 au- 
 []


Overfull \hbox (6.266pt too wide) in paragraph at lines 23--23
\TU/ptm/bx/it/10 thor 
 []


Overfull \hbox (22.94601pt too wide) in paragraph at lines 23--23
\TU/ptm/bx/it/10 name(s)[]  
 []


! LaTeX Error: Not in outer par mode.

See the LaTeX manual or LaTeX Companion for explanation.
Type  H <return>  for immediate help.
 ...                                              
                                                  
l.23 \maketitle
               
You've lost some text.  Try typing  <return>  to proceed.
If that doesn't work, type  X <return>  to quit.

! Undefined control sequence.
<argument> \@marbox 
                    
l.23 \maketitle
               
The control sequence at the end of the top line
of your error message was never \def'ed. If you have
misspelled it (e.g., `\hobx'), type `I' and the correct
spelling (e.g., `I\hbox'). Otherwise just continue,
and I'll forget about whatever was undefined.

! Missing number, treated as zero.
<to be read again> 
                   \vbox 
l.23 \maketitle
               
A number should have been here; I inserted `0'.
(If you can't figure out why I needed to see a number,
look up `weird error' in the index to The TeXbook.)


Overfull \hbox (17.906pt too wide) in paragraph at lines 23--23
[][][]\TU/ptm/bx/it/10 USER: 
 []


Overfull \hbox (11.22601pt too wide) in paragraph at lines 23--23
\TU/ptm/bx/it/10 email 
 []


Overfull \hbox (1.78601pt too wide) in paragraph at lines 23--23
\TU/ptm/bx/it/10 ad- 
 []


Overfull \hbox (25.85602pt too wide) in paragraph at lines 23--23
\TU/ptm/bx/it/10 dress(es)[]  
 []


Overfull \hbox (17.906pt too wide) in paragraph at lines 23--23
[][][]\TU/ptm/bx/it/10 USER: 
 []


Overfull \hbox (11.22601pt too wide) in paragraph at lines 23--23
\TU/ptm/bx/it/10 email 
 []


Overfull \hbox (1.78601pt too wide) in paragraph at lines 23--23
\TU/ptm/bx/it/10 ad- 
 []


Overfull \hbox (25.85602pt too wide) in paragraph at lines 23--23
\TU/ptm/bx/it/10 dress(es)[]  
 []


LaTeX Font Warning: Font shape `TU/ptm/b/n' undefined
(Font)              using `TU/ptm/bx/n' instead on input line 25.


Overfull \hbox (17.906pt too wide) in paragraph at lines 26--26
[][][]\TU/ptm/bx/it/10 USER: 
 []


Overfull \hbox (10.14601pt too wide) in paragraph at lines 26--26
\TU/ptm/bx/it/10 write 
 []


Overfull \hbox (1.78601pt too wide) in paragraph at lines 26--26
\TU/ptm/bx/it/10 ab- 
 []


Overfull \hbox (12.97601pt too wide) in paragraph at lines 26--26
\TU/ptm/bx/it/10 stract 
 []


Overfull \hbox (2.89601pt too wide) in paragraph at lines 26--26
\TU/ptm/bx/it/10 150 
 []


Overfull \hbox (16.03601pt too wide) in paragraph at lines 26--26
\TU/ptm/bx/it/10 words, 
 []


Overfull \hbox (5.66602pt too wide) in paragraph at lines 26--26
\TU/ptm/bx/it/10 cov- 
 []


Overfull \hbox (4.016pt too wide) in paragraph at lines 26--26
\TU/ptm/bx/it/10 ing: 
 []


Overfull \hbox (11.266pt too wide) in paragraph at lines 26--26
\TU/ptm/bx/it/10 prob- 
 []


Overfull \hbox (6.22601pt too wide) in paragraph at lines 26--26
\TU/ptm/bx/it/10 lem, 
 []


Overfull \hbox (13.31601pt too wide) in paragraph at lines 26--26
\TU/ptm/bx/it/10 PINN 
 []


Overfull \hbox (3.20601pt too wide) in paragraph at lines 26--26
\TU/ptm/bx/it/10 for- 
 []


Overfull \hbox (4.83601pt too wide) in paragraph at lines 26--26
\TU/ptm/bx/it/10 mu- 
 []


Overfull \hbox (7.906pt too wide) in paragraph at lines 26--26
\TU/ptm/bx/it/10 tion, 
 []


Overfull \hbox (17.47601pt too wide) in paragraph at lines 26--26
\TU/ptm/bx/it/10 Re=10 
 []


Overfull \hbox (6.84601pt too wide) in paragraph at lines 26--26
\TU/ptm/bx/it/10 sult, 
 []


Overfull \hbox (8.99602pt too wide) in paragraph at lines 26--26
\TU/ptm/bx/it/10 com- 
 []


Overfull \hbox (5.70601pt too wide) in paragraph at lines 26--26
\TU/ptm/bx/it/10 par- 
 []


Overfull \hbox (2.39601pt too wide) in paragraph at lines 26--26
\TU/ptm/bx/it/10 son 
 []


Overfull \hbox (5.25601pt too wide) in paragraph at lines 26--26
\TU/ptm/bx/it/10 Rao 
 []


Overfull \hbox (10.16602pt too wide) in paragraph at lines 26--26
\TU/ptm/bx/it/10 base- 
 []


Overfull \hbox (3.45601pt too wide) in paragraph at lines 26--26
\TU/ptm/bx/it/10 line[]  
 []


Overfull \hbox (17.906pt too wide) in paragraph at lines 26--26
[][][]\TU/ptm/bx/it/10 USER: 
 []


Overfull \hbox (10.14601pt too wide) in paragraph at lines 26--26
\TU/ptm/bx/it/10 write 
 []


Overfull \hbox (1.78601pt too wide) in paragraph at lines 26--26
\TU/ptm/bx/it/10 ab- 
 []


Overfull \hbox (12.97601pt too wide) in paragraph at lines 26--26
\TU/ptm/bx/it/10 stract 
 []


Overfull \hbox (2.89601pt too wide) in paragraph at lines 26--26
\TU/ptm/bx/it/10 150 
 []


Overfull \hbox (16.03601pt too wide) in paragraph at lines 26--26
\TU/ptm/bx/it/10 words, 
 []


Overfull \hbox (5.66602pt too wide) in paragraph at lines 26--26
\TU/ptm/bx/it/10 cov- 
 []


Overfull \hbox (4.016pt too wide) in paragraph at lines 26--26
\TU/ptm/bx/it/10 ing: 
 []


Overfull \hbox (11.266pt too wide) in paragraph at lines 26--26
\TU/ptm/bx/it/10 prob- 
 []


Overfull \hbox (6.22601pt too wide) in paragraph at lines 26--26
\TU/ptm/bx/it/10 lem, 
 []


Overfull \hbox (13.31601pt too wide) in paragraph at lines 26--26
\TU/ptm/bx/it/10 PINN 
 []


Overfull \hbox (3.20601pt too wide) in paragraph at lines 26--26
\TU/ptm/bx/it/10 for- 
 []


Overfull \hbox (4.83601pt too wide) in paragraph at lines 26--26
\TU/ptm/bx/it/10 mu- 
 []


Overfull \hbox (7.906pt too wide) in paragraph at lines 26--26
\TU/ptm/bx/it/10 tion, 
 []


Overfull \hbox (17.47601pt too wide) in paragraph at lines 26--26
\TU/ptm/bx/it/10 Re=10 
 []


Overfull \hbox (6.84601pt too wide) in paragraph at lines 26--26
\TU/ptm/bx/it/10 sult, 
 []


Overfull \hbox (8.99602pt too wide) in paragraph at lines 26--26
\TU/ptm/bx/it/10 com- 
 []


Overfull \hbox (5.70601pt too wide) in paragraph at lines 26--26
\TU/ptm/bx/it/10 par- 
 []


Overfull \hbox (2.39601pt too wide) in paragraph at lines 26--26
\TU/ptm/bx/it/10 son 
 []


Overfull \hbox (5.25601pt too wide) in paragraph at lines 26--26
\TU/ptm/bx/it/10 Rao 
 []


Overfull \hbox (10.16602pt too wide) in paragraph at lines 26--26
\TU/ptm/bx/it/10 base- 
 []


Overfull \hbox (3.45601pt too wide) in paragraph at lines 26--26
\TU/ptm/bx/it/10 line[]  
 []


LaTeX Font Warning: Font shape `TU/ptm/m/sc' undefined
(Font)              using `TU/ptm/m/n' instead on input line 29.


Overfull \hbox (17.906pt too wide) in paragraph at lines 30--30
[][][]\TU/ptm/bx/it/10 USER: 
 []


Overfull \hbox (10.14601pt too wide) in paragraph at lines 30--30
\TU/ptm/bx/it/10 write 
 []


Overfull \hbox (4.03601pt too wide) in paragraph at lines 30--30
\TU/ptm/bx/it/10 tro- 
 []


Overfull \hbox (6.78601pt too wide) in paragraph at lines 30--30
\TU/ptm/bx/it/10 duc- 
 []


Overfull \hbox (5.126pt too wide) in paragraph at lines 30--30
\TU/ptm/bx/it/10 tion 
 []


Overfull \hbox (4.55602pt too wide) in paragraph at lines 30--30
\TU/ptm/bx/it/10 mo- 
 []


Overfull \hbox (5.94601pt too wide) in paragraph at lines 30--30
\TU/ptm/bx/it/10 vate 
 []


Overfull \hbox (17.25601pt too wide) in paragraph at lines 30--30
\TU/ptm/bx/it/10 PINNs 
 []


Overfull \hbox (7.35602pt too wide) in paragraph at lines 30--30
\TU/ptm/bx/it/10 fluid 
 []


Overfull \hbox (6.27602pt too wide) in paragraph at lines 30--30
\TU/ptm/bx/it/10 sim- 
 []


Overfull \hbox (7.906pt too wide) in paragraph at lines 30--30
\TU/ptm/bx/it/10 tion, 
 []


Overfull \hbox (3.44601pt too wide) in paragraph at lines 30--30
\TU/ptm/bx/it/10 cite 
 []


Overfull \hbox (1.23601pt too wide) in paragraph at lines 30--30
\TU/ptm/bx/it/10 [[]], 
 []


Overfull \hbox (1.23601pt too wide) in paragraph at lines 30--30
\TU/ptm/bx/it/10 [[]], 
 []


Overfull \hbox (9.05602pt too wide) in paragraph at lines 30--30
\TU/ptm/bx/it/10 state 
 []


Overfull \hbox (6.22601pt too wide) in paragraph at lines 30--30
\TU/ptm/bx/it/10 con- 
 []


Overfull \hbox (1.81601pt too wide) in paragraph at lines 30--30
\TU/ptm/bx/it/10 tri- 
 []


Overfull \hbox (2.34601pt too wide) in paragraph at lines 30--30
\TU/ptm/bx/it/10 bu- 
 []


Overfull \hbox (5.126pt too wide) in paragraph at lines 30--30
\TU/ptm/bx/it/10 tion[]  
 []


Overfull \hbox (17.906pt too wide) in paragraph at lines 30--30
[][][]\TU/ptm/bx/it/10 USER: 
 []


Overfull \hbox (10.14601pt too wide) in paragraph at lines 30--30
\TU/ptm/bx/it/10 write 
 []


Overfull \hbox (4.03601pt too wide) in paragraph at lines 30--30
\TU/ptm/bx/it/10 tro- 
 []


Overfull \hbox (6.78601pt too wide) in paragraph at lines 30--30
\TU/ptm/bx/it/10 duc- 
 []


Overfull \hbox (5.126pt too wide) in paragraph at lines 30--30
\TU/ptm/bx/it/10 tion 
 []


Overfull \hbox (4.55602pt too wide) in paragraph at lines 30--30
\TU/ptm/bx/it/10 mo- 
 []


Overfull \hbox (5.94601pt too wide) in paragraph at lines 30--30
\TU/ptm/bx/it/10 vate 
 []


Overfull \hbox (17.25601pt too wide) in paragraph at lines 30--30
\TU/ptm/bx/it/10 PINNs 
 []


Overfull \hbox (7.35602pt too wide) in paragraph at lines 30--30
\TU/ptm/bx/it/10 fluid 
 []


Overfull \hbox (6.27602pt too wide) in paragraph at lines 30--30
\TU/ptm/bx/it/10 sim- 
 []


Overfull \hbox (7.906pt too wide) in paragraph at lines 30--30
\TU/ptm/bx/it/10 tion, 
 []


Overfull \hbox (3.44601pt too wide) in paragraph at lines 30--30
\TU/ptm/bx/it/10 cite 
 []


Overfull \hbox (1.23601pt too wide) in paragraph at lines 30--30
\TU/ptm/bx/it/10 [[]], 
 []


Overfull \hbox (1.23601pt too wide) in paragraph at lines 30--30
\TU/ptm/bx/it/10 [[]], 
 []


Overfull \hbox (9.05602pt too wide) in paragraph at lines 30--30
\TU/ptm/bx/it/10 state 
 []


Overfull \hbox (6.22601pt too wide) in paragraph at lines 30--30
\TU/ptm/bx/it/10 con- 
 []


Overfull \hbox (1.81601pt too wide) in paragraph at lines 30--30
\TU/ptm/bx/it/10 tri- 
 []


Overfull \hbox (2.34601pt too wide) in paragraph at lines 30--30
\TU/ptm/bx/it/10 bu- 
 []


Overfull \hbox (5.126pt too wide) in paragraph at lines 30--30
\TU/ptm/bx/it/10 tion[]  
 []


LaTeX Warning: Marginpar on page 1 moved.


Overfull \hbox (17.906pt too wide) in paragraph at lines 33--33
[][][]\TU/ptm/m/sc/10 USER: 
 []


Overfull \hbox (10.14601pt too wide) in paragraph at lines 33--33
\TU/ptm/m/sc/10 write 
 []


Overfull \hbox (11.266pt too wide) in paragraph at lines 33--33
\TU/ptm/m/sc/10 prob- 
 []


Overfull \hbox (3.44601pt too wide) in paragraph at lines 33--33
\TU/ptm/m/sc/10 lem 
 []


Overfull \hbox (3.20601pt too wide) in paragraph at lines 33--33
\TU/ptm/m/sc/10 for- 
 []


Overfull \hbox (4.83601pt too wide) in paragraph at lines 33--33
\TU/ptm/m/sc/10 mu- 
 []


Overfull \hbox (5.126pt too wide) in paragraph at lines 33--33
\TU/ptm/m/sc/10 tion 
 []


Overfull \hbox (0.53601pt too wide) in paragraph at lines 33--33
\TU/ptm/m/sc/10 2D 
 []


Overfull \hbox (8.99602pt too wide) in paragraph at lines 33--33
\TU/ptm/m/sc/10 com- 
 []


Overfull \hbox (13.02602pt too wide) in paragraph at lines 33--33
\TU/ptm/m/sc/10 press- 
 []


Overfull \hbox (3.45601pt too wide) in paragraph at lines 33--33
\TU/ptm/m/sc/10 ible 
 []


Overfull \hbox (0.95601pt too wide) in paragraph at lines 33--33
\TU/ptm/m/sc/10 NS 
 []


Overfull \hbox (11.50601pt too wide) in paragraph at lines 33--33
\TU/ptm/m/sc/10 equa- 
 []


Overfull \hbox (11.84601pt too wide) in paragraph at lines 33--33
\TU/ptm/m/sc/10 tions, 
 []


Overfull \hbox (12.06601pt too wide) in paragraph at lines 33--33
\TU/ptm/m/sc/10 cylin- 
 []


Overfull \hbox (1.81601pt too wide) in paragraph at lines 33--33
\TU/ptm/m/sc/10 der 
 []


Overfull \hbox (0.66602pt too wide) in paragraph at lines 33--33
\TU/ptm/m/sc/10 ge- 
 []


Overfull \hbox (4.55602pt too wide) in paragraph at lines 33--33
\TU/ptm/m/sc/10 om- 
 []


Overfull \hbox (2.936pt too wide) in paragraph at lines 33--33
\TU/ptm/m/sc/10 try, 
 []


Overfull \hbox (17.47601pt too wide) in paragraph at lines 33--33
\TU/ptm/m/sc/10 Re=10 
 []


Overfull \hbox (14.06601pt too wide) in paragraph at lines 33--33
\TU/ptm/m/sc/10 setup, 
 []


Overfull \hbox (2.64601pt too wide) in paragraph at lines 33--33
\TU/ptm/m/sc/10 ref- 
 []


Overfull \hbox (6.77602pt too wide) in paragraph at lines 33--33
\TU/ptm/m/sc/10 ence 
 []


Overfull \hbox (17.906pt too wide) in paragraph at lines 33--33
[][][]\TU/ptm/m/sc/10 USER: 
 []


Overfull \hbox (10.14601pt too wide) in paragraph at lines 33--33
\TU/ptm/m/sc/10 write 
 []


Overfull \hbox (11.266pt too wide) in paragraph at lines 33--33
\TU/ptm/m/sc/10 prob- 
 []


Overfull \hbox (3.44601pt too wide) in paragraph at lines 33--33
\TU/ptm/m/sc/10 lem 
 []


Overfull \hbox (3.20601pt too wide) in paragraph at lines 33--33
\TU/ptm/m/sc/10 for- 
 []


Overfull \hbox (4.83601pt too wide) in paragraph at lines 33--33
\TU/ptm/m/sc/10 mu- 
 []


Overfull \hbox (5.126pt too wide) in paragraph at lines 33--33
\TU/ptm/m/sc/10 tion 
 []


Overfull \hbox (0.53601pt too wide) in paragraph at lines 33--33
\TU/ptm/m/sc/10 2D 
 []


Overfull \hbox (8.99602pt too wide) in paragraph at lines 33--33
\TU/ptm/m/sc/10 com- 
 []


Overfull \hbox (13.02602pt too wide) in paragraph at lines 33--33
\TU/ptm/m/sc/10 press- 
 []


Overfull \hbox (3.45601pt too wide) in paragraph at lines 33--33
\TU/ptm/m/sc/10 ible 
 []


Overfull \hbox (0.95601pt too wide) in paragraph at lines 33--33
\TU/ptm/m/sc/10 NS 
 []


Overfull \hbox (11.50601pt too wide) in paragraph at lines 33--33
\TU/ptm/m/sc/10 equa- 
 []


Overfull \hbox (11.84601pt too wide) in paragraph at lines 33--33
\TU/ptm/m/sc/10 tions, 
 []


Overfull \hbox (12.06601pt too wide) in paragraph at lines 33--33
\TU/ptm/m/sc/10 cylin- 
 []


Overfull \hbox (1.81601pt too wide) in paragraph at lines 33--33
\TU/ptm/m/sc/10 der 
 []


Overfull \hbox (0.66602pt too wide) in paragraph at lines 33--33
\TU/ptm/m/sc/10 ge- 
 []


Overfull \hbox (4.55602pt too wide) in paragraph at lines 33--33
\TU/ptm/m/sc/10 om- 
 []


Overfull \hbox (2.936pt too wide) in paragraph at lines 33--33
\TU/ptm/m/sc/10 try, 
 []


Overfull \hbox (17.47601pt too wide) in paragraph at lines 33--33
\TU/ptm/m/sc/10 Re=10 
 []


Overfull \hbox (14.06601pt too wide) in paragraph at lines 33--33
\TU/ptm/m/sc/10 setup, 
 []


Overfull \hbox (2.64601pt too wide) in paragraph at lines 33--33
\TU/ptm/m/sc/10 ref- 
 []


Overfull \hbox (6.77602pt too wide) in paragraph at lines 33--33
\TU/ptm/m/sc/10 ence 
 []


LaTeX Warning: Marginpar on page 1 moved.

(sections/methodology
LaTeX Font Info:    Trying to load font information for U+msa on input line 8.
 (umsa.fd
File: umsa.fd 2013/01/14 v3.01 AMS symbols A
)
LaTeX Font Info:    Trying to load font information for U+msb on input line 8.
 (umsb.fd
File: umsb.fd 2013/01/14 v3.01 AMS symbols B
)) (sections/results_phase1
Overfull \hbox (6.22601pt too wide) in paragraph at lines 8--8
[][][]\TU/ptm/m/sc/10 cite: 
 []


Overfull \hbox (17.93602pt too wide) in paragraph at lines 8--8
\TU/ptm/m/sc/10 Chorin 
 []


Overfull \hbox (7.89601pt too wide) in paragraph at lines 8--8
\TU/ptm/m/sc/10 1968 
 []


Overfull \hbox (5.70601pt too wide) in paragraph at lines 8--8
\TU/ptm/m/sc/10 pro- 
 []


Overfull \hbox (3.16602pt too wide) in paragraph at lines 8--8
\TU/ptm/m/sc/10 jec- 
 []


Overfull \hbox (5.126pt too wide) in paragraph at lines 8--8
\TU/ptm/m/sc/10 tion 
 []


Overfull \hbox (20.95601pt too wide) in paragraph at lines 8--8
\TU/ptm/m/sc/10 method[]  
 []


Overfull \hbox (6.22601pt too wide) in paragraph at lines 8--8
[][][]\TU/ptm/m/sc/10 cite: 
 []


Overfull \hbox (17.93602pt too wide) in paragraph at lines 8--8
\TU/ptm/m/sc/10 Chorin 
 []


Overfull \hbox (7.89601pt too wide) in paragraph at lines 8--8
\TU/ptm/m/sc/10 1968 
 []


Overfull \hbox (5.70601pt too wide) in paragraph at lines 8--8
\TU/ptm/m/sc/10 pro- 
 []


Overfull \hbox (3.16602pt too wide) in paragraph at lines 8--8
\TU/ptm/m/sc/10 jec- 
 []


Overfull \hbox (5.126pt too wide) in paragraph at lines 8--8
\TU/ptm/m/sc/10 tion 
 []


Overfull \hbox (20.95601pt too wide) in paragraph at lines 8--8
\TU/ptm/m/sc/10 method[]  
 []


Underfull \hbox (badness 1584) in paragraph at lines 7--13
[]\TU/ptm/m/sc/10 The reference solution is generated by a Chorin
 []

[1


]
LaTeX Font Info:    Trying to load font information for TU+pcr on input line 33
.
LaTeX Font Info:    No file TUpcr.fd. on input line 33.


LaTeX Font Warning: Font shape `TU/pcr/m/n' undefined
(Font)              using `TU/lmr/m/n' instead on input line 33.


LaTeX Font Warning: Font shape `TU/ptm/m/scit' undefined
(Font)              using `TU/ptm/m/it' instead on input line 42.


LaTeX Font Warning: Font shape `TU/ptm/m/scit' undefined
(Font)              using `TU/ptm/m/it' instead on input line 42.


LaTeX Font Warning: Font shape `TU/ptm/b/n' undefined
(Font)              using `TU/ptm/bx/n' instead on input line 61.


LaTeX Font Warning: Font shape `TU/ptm/b/n' undefined
(Font)              using `TU/ptm/bx/n' instead on input line 61.


LaTeX Font Warning: Font shape `TU/ptm/b/n' undefined
(Font)              using `TU/ptm/bx/n' instead on input line 61.

File: figures/lbfgs_backend_benchmark.png Graphic file (type bmp)
<figures/lbfgs_backend_benchmark.png>
[2]
Overfull \hbox (1.23601pt too wide) in paragraph at lines 139--139
[][][]\TU/pcr/m/n/10 fig: 
 []


Overfull \hbox (6.23601pt too wide) in paragraph at lines 139--139
\TU/pcr/m/n/10 field 
 []


Overfull \hbox (8.99602pt too wide) in paragraph at lines 139--139
\TU/pcr/m/n/10 com- 
 []


Overfull \hbox (5.70601pt too wide) in paragraph at lines 139--139
\TU/pcr/m/n/10 par- 
 []


Overfull \hbox (2.39601pt too wide) in paragraph at lines 139--139
\TU/pcr/m/n/10 son 
 []


Overfull \hbox (15.126pt too wide) in paragraph at lines 139--139
\TU/pcr/m/n/10 t=0.3, 
 []


Overfull \hbox (3.45601pt too wide) in paragraph at lines 139--139
\TU/pcr/m/n/10 0.4, 
 []


Overfull \hbox (0.67601pt too wide) in paragraph at lines 139--139
\TU/pcr/m/n/10 0.5 
 []


Overfull \hbox (13.38602pt too wide) in paragraph at lines 139--139
\TU/pcr/m/n/10 GPU- 
 []


Overfull \hbox (22.14601pt too wide) in paragraph at lines 139--139
\TU/pcr/m/n/10 resident 
 []


Overfull \hbox (5.70601pt too wide) in paragraph at lines 139--139
\TU/pcr/m/n/10 pro- 
 []


Overfull \hbox (7.89601pt too wide) in paragraph at lines 139--139
\TU/pcr/m/n/10 duce 
 []


Overfull \hbox (17.93602pt too wide) in paragraph at lines 139--139
\TU/pcr/m/n/10 Chorin 
 []


Overfull \hbox (2.64601pt too wide) in paragraph at lines 139--139
\TU/pcr/m/n/10 ref- 
 []


Overfull \hbox (6.77602pt too wide) in paragraph at lines 139--139
\TU/pcr/m/n/10 ence 
 []


Overfull \hbox (12.376pt too wide) in paragraph at lines 139--139
\TU/pcr/m/n/10 (rain- 
 []


Overfull \hbox (5.67601pt too wide) in paragraph at lines 139--139
\TU/pcr/m/n/10 bow 
 []


Overfull \hbox (3.44601pt too wide) in paragraph at lines 139--139
\TU/pcr/m/n/10 col- 
 []


Overfull \hbox (18.48601pt too wide) in paragraph at lines 139--139
\TU/pcr/m/n/10 ormap, 
 []


Overfull \hbox (12.06601pt too wide) in paragraph at lines 139--139
\TU/pcr/m/n/10 cylin- 
 []


Overfull \hbox (1.81601pt too wide) in paragraph at lines 139--139
\TU/pcr/m/n/10 der 
 []


Overfull \hbox (24.05602pt too wide) in paragraph at lines 139--139
\TU/pcr/m/n/10 masked)[]  
 []


Overfull \hbox (1.23601pt too wide) in paragraph at lines 139--139
[][][]\TU/pcr/m/n/10 fig: 
 []


Overfull \hbox (6.23601pt too wide) in paragraph at lines 139--139
\TU/pcr/m/n/10 field 
 []


Overfull \hbox (8.99602pt too wide) in paragraph at lines 139--139
\TU/pcr/m/n/10 com- 
 []


Overfull \hbox (5.70601pt too wide) in paragraph at lines 139--139
\TU/pcr/m/n/10 par- 
 []


Overfull \hbox (2.39601pt too wide) in paragraph at lines 139--139
\TU/pcr/m/n/10 son 
 []


Overfull \hbox (15.126pt too wide) in paragraph at lines 139--139
\TU/pcr/m/n/10 t=0.3, 
 []


Overfull \hbox (3.45601pt too wide) in paragraph at lines 139--139
\TU/pcr/m/n/10 0.4, 
 []


Overfull \hbox (0.67601pt too wide) in paragraph at lines 139--139
\TU/pcr/m/n/10 0.5 
 []


Overfull \hbox (13.38602pt too wide) in paragraph at lines 139--139
\TU/pcr/m/n/10 GPU- 
 []


Overfull \hbox (22.14601pt too wide) in paragraph at lines 139--139
\TU/pcr/m/n/10 resident 
 []


Overfull \hbox (5.70601pt too wide) in paragraph at lines 139--139
\TU/pcr/m/n/10 pro- 
 []


Overfull \hbox (7.89601pt too wide) in paragraph at lines 139--139
\TU/pcr/m/n/10 duce 
 []


Overfull \hbox (17.93602pt too wide) in paragraph at lines 139--139
\TU/pcr/m/n/10 Chorin 
 []


Overfull \hbox (2.64601pt too wide) in paragraph at lines 139--139
\TU/pcr/m/n/10 ref- 
 []


Overfull \hbox (6.77602pt too wide) in paragraph at lines 139--139
\TU/pcr/m/n/10 ence 
 []


Overfull \hbox (12.376pt too wide) in paragraph at lines 139--139
\TU/pcr/m/n/10 (rain- 
 []


Overfull \hbox (5.67601pt too wide) in paragraph at lines 139--139
\TU/pcr/m/n/10 bow 
 []


Overfull \hbox (3.44601pt too wide) in paragraph at lines 139--139
\TU/pcr/m/n/10 col- 
 []


Overfull \hbox (18.48601pt too wide) in paragraph at lines 139--139
\TU/pcr/m/n/10 ormap, 
 []


Overfull \hbox (12.06601pt too wide) in paragraph at lines 139--139
\TU/pcr/m/n/10 cylin- 
 []


Overfull \hbox (1.81601pt too wide) in paragraph at lines 139--139
\TU/pcr/m/n/10 der 
 []


Overfull \hbox (24.05602pt too wide) in paragraph at lines 139--139
\TU/pcr/m/n/10 masked)[]  
 []

) (sections/results_causal

LaTeX Font Warning: Font shape `TU/ptm/b/n' undefined
(Font)              using `TU/ptm/bx/n' instead on input line 40.


LaTeX Font Warning: Font shape `TU/ptm/b/n' undefined
(Font)              using `TU/ptm/bx/n' instead on input line 41.


LaTeX Font Warning: Font shape `TU/ptm/b/n' undefined
(Font)              using `TU/ptm/bx/n' instead on input line 42.


Overfull \hbox (4.016pt too wide) in paragraph at lines 60--60
[][][]\TU/pcr/m/n/10 add 
 []


Overfull \hbox (2.94601pt too wide) in paragraph at lines 60--60
\TU/pcr/m/n/10 iso- 
 []


Overfull \hbox (17.906pt too wide) in paragraph at lines 60--60
\TU/pcr/m/n/10 budget 
 []


Overfull \hbox (14.61601pt too wide) in paragraph at lines 60--60
\TU/pcr/m/n/10 causal 
 []


Overfull \hbox (1.78601pt too wide) in paragraph at lines 60--60
\TU/pcr/m/n/10 ab- 
 []


Overfull \hbox (5.126pt too wide) in paragraph at lines 60--60
\TU/pcr/m/n/10 tion 
 []


Overfull \hbox (6.40056pt too wide) in paragraph at lines 60--60
\TU/pcr/m/n/10 ($\OML/cmm/m/it/10 ^^O \OT1/cmr/m/n/10 = 
 []


Overfull \hbox (15.67609pt too wide) in paragraph at lines 60--60
\OT1/cmr/m/n/10 0\OML/cmm/m/it/10 =\OT1/cmr/m/n/10 2\OML/cmm/m/it/10 =\OT1/cmr/
m/n/10 5$\TU/pcr/m/n/10 , 
 []


Overfull \hbox (6.22601pt too wide) in paragraph at lines 60--60
\TU/pcr/m/n/10 con- 
 []


Overfull \hbox (24.83601pt too wide) in paragraph at lines 60--60
\TU/pcr/m/n/10 matched 
 []


Overfull \hbox (1.78601pt too wide) in paragraph at lines 60--60
\TU/pcr/m/n/10 the 
 []


Overfull \hbox (10.16602pt too wide) in paragraph at lines 60--60
\TU/pcr/m/n/10 base- 
 []


Overfull \hbox (11.28601pt too wide) in paragraph at lines 60--60
\TU/pcr/m/n/10 lines) 
 []


Overfull \hbox (5.16602pt too wide) in paragraph at lines 60--60
\TU/pcr/m/n/10 sep- 
 []


Overfull \hbox (5.14601pt too wide) in paragraph at lines 60--60
\TU/pcr/m/n/10 rate 
 []


Overfull \hbox (1.78601pt too wide) in paragraph at lines 60--60
\TU/pcr/m/n/10 the 
 []


Overfull \hbox (17.94601pt too wide) in paragraph at lines 60--60
\TU/pcr/m/n/10 causal- 
 []


Overfull \hbox (29.56601pt too wide) in paragraph at lines 60--60
\TU/pcr/m/n/10 weighting 
 []


Overfull \hbox (3.72601pt too wide) in paragraph at lines 60--60
\TU/pcr/m/n/10 fect 
 []


Overfull \hbox (8.20601pt too wide) in paragraph at lines 60--60
\TU/pcr/m/n/10 from 
 []


Overfull \hbox (1.78601pt too wide) in paragraph at lines 60--60
\TU/pcr/m/n/10 the 
 []


Overfull \hbox (12.376pt too wide) in paragraph at lines 60--60
\TU/pcr/m/n/10 train- 
 []


Overfull \hbox (1.23601pt too wide) in paragraph at lines 60--60
\TU/pcr/m/n/10 ing 
 []


Overfull \hbox (14.88602pt too wide) in paragraph at lines 60--60
\TU/pcr/m/n/10 sched- 
 []


Overfull \hbox (0.67601pt too wide) in paragraph at lines 60--60
\TU/pcr/m/n/10 ule[]  
 []


Overfull \hbox (4.016pt too wide) in paragraph at lines 60--60
[][][]\TU/pcr/m/n/10 add 
 []


Overfull \hbox (2.94601pt too wide) in paragraph at lines 60--60
\TU/pcr/m/n/10 iso- 
 []


Overfull \hbox (17.906pt too wide) in paragraph at lines 60--60
\TU/pcr/m/n/10 budget 
 []


Overfull \hbox (14.61601pt too wide) in paragraph at lines 60--60
\TU/pcr/m/n/10 causal 
 []


Overfull \hbox (1.78601pt too wide) in paragraph at lines 60--60
\TU/pcr/m/n/10 ab- 
 []


Overfull \hbox (5.126pt too wide) in paragraph at lines 60--60
\TU/pcr/m/n/10 tion 
 []


Overfull \hbox (6.40056pt too wide) in paragraph at lines 60--60
\TU/pcr/m/n/10 ($\OML/cmm/m/it/10 ^^O \OT1/cmr/m/n/10 = 
 []


Overfull \hbox (15.67609pt too wide) in paragraph at lines 60--60
\OT1/cmr/m/n/10 0\OML/cmm/m/it/10 =\OT1/cmr/m/n/10 2\OML/cmm/m/it/10 =\OT1/cmr/
m/n/10 5$\TU/pcr/m/n/10 , 
 []


Overfull \hbox (6.22601pt too wide) in paragraph at lines 60--60
\TU/pcr/m/n/10 con- 
 []


Overfull \hbox (24.83601pt too wide) in paragraph at lines 60--60
\TU/pcr/m/n/10 matched 
 []


Overfull \hbox (1.78601pt too wide) in paragraph at lines 60--60
\TU/pcr/m/n/10 the 
 []


Overfull \hbox (10.16602pt too wide) in paragraph at lines 60--60
\TU/pcr/m/n/10 base- 
 []


Overfull \hbox (11.28601pt too wide) in paragraph at lines 60--60
\TU/pcr/m/n/10 lines) 
 []


Overfull \hbox (5.16602pt too wide) in paragraph at lines 60--60
\TU/pcr/m/n/10 sep- 
 []


Overfull \hbox (5.14601pt too wide) in paragraph at lines 60--60
\TU/pcr/m/n/10 rate 
 []


Overfull \hbox (1.78601pt too wide) in paragraph at lines 60--60
\TU/pcr/m/n/10 the 
 []


Overfull \hbox (17.94601pt too wide) in paragraph at lines 60--60
\TU/pcr/m/n/10 causal- 
 []


Overfull \hbox (29.56601pt too wide) in paragraph at lines 60--60
\TU/pcr/m/n/10 weighting 
 []


Overfull \hbox (3.72601pt too wide) in paragraph at lines 60--60
\TU/pcr/m/n/10 fect 
 []


Overfull \hbox (8.20601pt too wide) in paragraph at lines 60--60
\TU/pcr/m/n/10 from 
 []


Overfull \hbox (1.78601pt too wide) in paragraph at lines 60--60
\TU/pcr/m/n/10 the 
 []


Overfull \hbox (12.376pt too wide) in paragraph at lines 60--60
\TU/pcr/m/n/10 train- 
 []


Overfull \hbox (1.23601pt too wide) in paragraph at lines 60--60
\TU/pcr/m/n/10 ing 
 []


Overfull \hbox (14.88602pt too wide) in paragraph at lines 60--60
\TU/pcr/m/n/10 sched- 
 []


Overfull \hbox (0.67601pt too wide) in paragraph at lines 60--60
\TU/pcr/m/n/10 ule[]  
 []


LaTeX Warning: Marginpar on page 3 moved.


Overfull \hbox (1.23601pt too wide) in paragraph at lines 68--68
[][][]\TU/pcr/m/n/10 fig: 
 []


Overfull \hbox (14.61601pt too wide) in paragraph at lines 68--68
\TU/pcr/m/n/10 causal 
 []


Overfull \hbox (16.22601pt too wide) in paragraph at lines 68--68
\TU/pcr/m/n/10 weight 
 []


Overfull \hbox (5.70601pt too wide) in paragraph at lines 68--68
\TU/pcr/m/n/10 pro- 
 []


Overfull \hbox (0.67601pt too wide) in paragraph at lines 68--68
\TU/pcr/m/n/10 file 
 []


Overfull \hbox (4.016pt too wide) in paragraph at lines 68--68
\TU/pcr/m/n/10 and 
 []


Overfull \hbox (20.04709pt too wide) in paragraph at lines 68--68
[][] \OML/cmm/m/it/10 w[]$ 
 []


Overfull \hbox (5.126pt too wide) in paragraph at lines 68--68
\TU/pcr/m/n/10 tion 
 []


Overfull \hbox (3.47601pt too wide) in paragraph at lines 68--68
\TU/pcr/m/n/10 (re- 
 []


Overfull \hbox (272.45601pt too wide) in paragraph at lines 68--68
\TU/pcr/m/n/10 sults/figures/causal_eps50_adam20k/causal_weight_curve.png)[]  
 []


Overfull \hbox (1.23601pt too wide) in paragraph at lines 68--68
[][][]\TU/pcr/m/n/10 fig: 
 []


Overfull \hbox (14.61601pt too wide) in paragraph at lines 68--68
\TU/pcr/m/n/10 causal 
 []


Overfull \hbox (16.22601pt too wide) in paragraph at lines 68--68
\TU/pcr/m/n/10 weight 
 []


Overfull \hbox (5.70601pt too wide) in paragraph at lines 68--68
\TU/pcr/m/n/10 pro- 
 []


Overfull \hbox (0.67601pt too wide) in paragraph at lines 68--68
\TU/pcr/m/n/10 file 
 []


Overfull \hbox (4.016pt too wide) in paragraph at lines 68--68
\TU/pcr/m/n/10 and 
 []


Overfull \hbox (20.04709pt too wide) in paragraph at lines 68--68
[][] \OML/cmm/m/it/10 w[]$ 
 []


Overfull \hbox (5.126pt too wide) in paragraph at lines 68--68
\TU/pcr/m/n/10 tion 
 []


Overfull \hbox (3.47601pt too wide) in paragraph at lines 68--68
\TU/pcr/m/n/10 (re- 
 []


Overfull \hbox (272.45601pt too wide) in paragraph at lines 68--68
\TU/pcr/m/n/10 sults/figures/causal_eps50_adam20k/causal_weight_curve.png)[]  
 []


LaTeX Warning: Marginpar on page 3 moved.

)
Overfull \hbox (17.906pt too wide) in paragraph at lines 43--43
[][][]\TU/pcr/m/n/10 USER: 
 []


Overfull \hbox (10.14601pt too wide) in paragraph at lines 43--43
\TU/pcr/m/n/10 write 
 []


Overfull \hbox (6.22601pt too wide) in paragraph at lines 43--43
\TU/pcr/m/n/10 con- 
 []


Overfull \hbox (4.00601pt too wide) in paragraph at lines 43--43
\TU/pcr/m/n/10 clu- 
 []


Overfull \hbox (5.17601pt too wide) in paragraph at lines 43--43
\TU/pcr/m/n/10 sion 
 []


Overfull \hbox (9.05602pt too wide) in paragraph at lines 43--43
\TU/pcr/m/n/10 sum- 
 []


Overfull \hbox (4.55602pt too wide) in paragraph at lines 43--43
\TU/pcr/m/n/10 ma- 
 []


Overfull \hbox (3.47601pt too wide) in paragraph at lines 43--43
\TU/pcr/m/n/10 rize 
 []


Overfull \hbox (17.47601pt too wide) in paragraph at lines 43--43
\TU/pcr/m/n/10 Re=10 
 []


Overfull \hbox (14.296pt too wide) in paragraph at lines 43--43
\TU/pcr/m/n/10 delity, 
 []


Overfull \hbox (7.39601pt too wide) in paragraph at lines 43--43
\TU/pcr/m/n/10 gaps 
 []


Overfull \hbox (5.25601pt too wide) in paragraph at lines 43--43
\TU/pcr/m/n/10 Rao 
 []


Overfull \hbox (15.67601pt too wide) in paragraph at lines 43--43
\TU/pcr/m/n/10 pickle, 
 []


Overfull \hbox (22.35602pt too wide) in paragraph at lines 43--43
\TU/pcr/m/n/10 planned 
 []


Overfull \hbox (0.94601pt too wide) in paragraph at lines 43--43
\TU/pcr/m/n/10 ex- 
 []


Overfull \hbox (5.11601pt too wide) in paragraph at lines 43--43
\TU/pcr/m/n/10 ten- 
 []


Overfull \hbox (9.11601pt too wide) in paragraph at lines 43--43
\TU/pcr/m/n/10 sions 
 []


Overfull \hbox (29.14601pt too wide) in paragraph at lines 43--43
\TU/pcr/m/n/10 (Re=100, 
 []


Overfull \hbox (3.72601pt too wide) in paragraph at lines 43--43
\TU/pcr/m/n/10 chi- 
 []


Overfull \hbox (3.99602pt too wide) in paragraph at lines 43--43
\TU/pcr/m/n/10 tec- 
 []


Overfull \hbox (5.70601pt too wide) in paragraph at lines 43--43
\TU/pcr/m/n/10 ture 
 []


Overfull \hbox (1.78601pt too wide) in paragraph at lines 43--43
\TU/pcr/m/n/10 ab- 
 []


Overfull \hbox (9.016pt too wide) in paragraph at lines 43--43
\TU/pcr/m/n/10 tion)[]  
 []


Overfull \hbox (17.906pt too wide) in paragraph at lines 43--43
[][][]\TU/pcr/m/n/10 USER: 
 []


Overfull \hbox (10.14601pt too wide) in paragraph at lines 43--43
\TU/pcr/m/n/10 write 
 []


Overfull \hbox (6.22601pt too wide) in paragraph at lines 43--43
\TU/pcr/m/n/10 con- 
 []


Overfull \hbox (4.00601pt too wide) in paragraph at lines 43--43
\TU/pcr/m/n/10 clu- 
 []


Overfull \hbox (5.17601pt too wide) in paragraph at lines 43--43
\TU/pcr/m/n/10 sion 
 []


Overfull \hbox (9.05602pt too wide) in paragraph at lines 43--43
\TU/pcr/m/n/10 sum- 
 []


Overfull \hbox (4.55602pt too wide) in paragraph at lines 43--43
\TU/pcr/m/n/10 ma- 
 []


Overfull \hbox (3.47601pt too wide) in paragraph at lines 43--43
\TU/pcr/m/n/10 rize 
 []


Overfull \hbox (17.47601pt too wide) in paragraph at lines 43--43
\TU/pcr/m/n/10 Re=10 
 []


Overfull \hbox (14.296pt too wide) in paragraph at lines 43--43
\TU/pcr/m/n/10 delity, 
 []


Overfull \hbox (7.39601pt too wide) in paragraph at lines 43--43
\TU/pcr/m/n/10 gaps 
 []


Overfull \hbox (5.25601pt too wide) in paragraph at lines 43--43
\TU/pcr/m/n/10 Rao 
 []


Overfull \hbox (15.67601pt too wide) in paragraph at lines 43--43
\TU/pcr/m/n/10 pickle, 
 []


Overfull \hbox (22.35602pt too wide) in paragraph at lines 43--43
\TU/pcr/m/n/10 planned 
 []


Overfull \hbox (0.94601pt too wide) in paragraph at lines 43--43
\TU/pcr/m/n/10 ex- 
 []


Overfull \hbox (5.11601pt too wide) in paragraph at lines 43--43
\TU/pcr/m/n/10 ten- 
 []


Overfull \hbox (9.11601pt too wide) in paragraph at lines 43--43
\TU/pcr/m/n/10 sions 
 []


Overfull \hbox (29.14601pt too wide) in paragraph at lines 43--43
\TU/pcr/m/n/10 (Re=100, 
 []


Overfull \hbox (3.72601pt too wide) in paragraph at lines 43--43
\TU/pcr/m/n/10 chi- 
 []


Overfull \hbox (3.99602pt too wide) in paragraph at lines 43--43
\TU/pcr/m/n/10 tec- 
 []


Overfull \hbox (5.70601pt too wide) in paragraph at lines 43--43
\TU/pcr/m/n/10 ture 
 []


Overfull \hbox (1.78601pt too wide) in paragraph at lines 43--43
\TU/pcr/m/n/10 ab- 
 []


Overfull \hbox (9.016pt too wide) in paragraph at lines 43--43
\TU/pcr/m/n/10 tion)[]  
 []


LaTeX Warning: Marginpar on page 3 moved.

(main.bbl)

** Conference Paper **
Before submitting the final camera ready copy, remember to:

 1. Manually equalize the lengths of two columns on the last page
 of your paper;

 2. Ensure that any PostScript and/or PDF output post-processing
 uses only Type 1 fonts and that every step in the generation
 process uses the appropriate paper size.

[3] (main.aux)

LaTeX Font Warning: Some font shapes were not available, defaults substituted.

 )
Output written on main.xdv (3 pages, 137884 bytes).
