Grid 220×82  dx=0.0050  dt=0.001  Re=100.0
Building Poisson matrix...
  nnz=89352
Time integration...
  step   50/500  t=0.050  max|u|=3.008e-02  max|div|=5.228e-01  wall=0s
  step  100/500  t=0.100  max|u|=1.154e-01  max|div|=1.377e+00  wall=0s
  step  150/500  t=0.150  max|u|=2.460e-01  max|div|=2.662e+00  wall=0s
  step  200/500  t=0.200  max|u|=4.069e-01  max|div|=4.476e+00  wall=0s
  step  250/500  t=0.250  max|u|=5.825e-01  max|div|=6.790e+00  wall=0s
  step  300/500  t=0.300  max|u|=7.543e-01  max|div|=9.984e+00  wall=0s
  step  350/500  t=0.350  max|u|=9.174e-01  max|div|=1.408e+01  wall=0s
  step  400/500  t=0.400  max|u|=1.060e+00  max|div|=1.856e+01  wall=0s
  step  450/500  t=0.450  max|u|=1.184e+00  max|div|=2.230e+01  wall=1s
  step  500/500  t=0.500  max|u|=1.262e+00  max|div|=2.400e+01  wall=1s
Done. snapshots=51
Saved → /workspace/ECE228_PINN/data/reference/unsteady_reference_re100.mat  shape x(17724,1) t(51,1) u(17724,51)

=== Validity Checks ===
[1] Re = 100.0
[2] Max |div(u)| all-fluid=2.400e+01  interior-fluid=1.855e-01  OK  (large all-fluid value is IBM boundary artifact)
[3] Flux in=0.2731  out=0.2731  imbal=0.0%  OK
[4] Max speed in cylinder mask = 0.00e+00  OK
[5] Max |u| on walls = 0.00e+00  OK
[6] KE [0.0000, 0.2570]  finite=True  OK
[7] Inlet BC error at t=0.500 = 2.42e-02  WARN
[8] Max |p| at outlet = 2.76e-12  OK
All checks done.
