Using device: cuda
/workspace/ECE228_PINN/src/pinn_laminar_flow/unsteady.py:495: FutureWarning: You are using `torch.load` with `weights_only=False` (the current default value), which uses the default pickle module implicitly. It is possible to construct malicious pickle data which will execute arbitrary code during unpickling (See https://github.com/pytorch/pytorch/blob/main/SECURITY.md#untrusted-models for more details). In a future release, the default value for `weights_only` will be flipped to `True`. This limits the functions that could be executed during unpickling. Arbitrary objects will no longer be allowed to be loaded via this mode unless they are explicitly allowlisted by the user via `torch.serialization.add_safe_globals`. We recommend you start setting `weights_only=True` for any use case where you don't have full control of the loaded file. Please open an issue on GitHub for any issues related to this experimental feature.
  checkpoint = torch.load(path, map_location=map_location)
Loaded PyTorch checkpoint from ../../results/unsteady/checkpoints/adam_best.pt
LBFGS 1 | total=1.458e-01 f=4.283e-03 ic=1.074e-01 wall=5.135e-03 inlet=1.674e-03 outlet=1.028e-05
LBFGS 100 | total=3.837e-02 f=1.094e-02 ic=8.281e-04 wall=4.268e-03 inlet=1.041e-03 outlet=5.712e-05
LBFGS 200 | total=3.274e-02 f=1.225e-02 ic=1.068e-03 wall=3.056e-03 inlet=8.131e-04 outlet=7.280e-05
LBFGS 300 | total=2.900e-02 f=1.230e-02 ic=9.192e-04 wall=2.515e-03 inlet=6.242e-04 outlet=8.863e-05
LBFGS 400 | total=2.571e-02 f=1.175e-02 ic=8.849e-04 wall=2.079e-03 inlet=5.209e-04 outlet=7.220e-05
LBFGS 500 | total=2.309e-02 f=1.158e-02 ic=8.349e-04 wall=1.744e-03 inlet=3.814e-04 outlet=5.417e-05
Saved PyTorch checkpoint to ../../results/unsteady/checkpoints/latest_lbfgs.pt
LBFGS 600 | total=2.142e-02 f=1.114e-02 ic=6.939e-04 wall=1.572e-03 inlet=3.340e-04 outlet=5.815e-05
LBFGS 700 | total=1.992e-02 f=1.087e-02 ic=7.135e-04 wall=1.370e-03 inlet=2.795e-04 outlet=8.122e-05
LBFGS 800 | total=1.848e-02 f=1.042e-02 ic=6.056e-04 wall=1.214e-03 inlet=2.597e-04 outlet=8.434e-05
LBFGS 900 | total=1.701e-02 f=9.722e-03 ic=4.909e-04 wall=1.106e-03 inlet=2.321e-04 outlet=1.110e-04
LBFGS 1000 | total=1.583e-02 f=9.409e-03 ic=4.361e-04 wall=9.861e-04 inlet=1.881e-04 outlet=1.106e-04
Saved PyTorch checkpoint to ../../results/unsteady/checkpoints/latest_lbfgs.pt
LBFGS 1100 | total=1.475e-02 f=8.927e-03 ic=4.230e-04 wall=9.046e-04 inlet=1.598e-04 outlet=7.365e-05
LBFGS 1200 | total=1.371e-02 f=8.307e-03 ic=4.079e-04 wall=8.457e-04 inlet=1.373e-04 outlet=7.973e-05
LBFGS 1300 | total=1.282e-02 f=7.799e-03 ic=3.984e-04 wall=7.774e-04 inlet=1.310e-04 outlet=7.543e-05
LBFGS 1400 | total=1.215e-02 f=7.555e-03 ic=3.626e-04 wall=7.106e-04 inlet=1.246e-04 outlet=6.069e-05
LBFGS 1500 | total=1.147e-02 f=7.173e-03 ic=3.378e-04 wall=6.658e-04 inlet=1.117e-04 outlet=7.508e-05
Saved PyTorch checkpoint to ../../results/unsteady/checkpoints/latest_lbfgs.pt
LBFGS 1600 | total=1.087e-02 f=7.098e-03 ic=2.934e-04 wall=5.880e-04 inlet=9.239e-05 outlet=8.105e-05
LBFGS 1700 | total=1.029e-02 f=6.702e-03 ic=2.414e-04 wall=5.610e-04 inlet=9.323e-05 outlet=7.232e-05
LBFGS 1800 | total=9.742e-03 f=6.421e-03 ic=2.250e-04 wall=5.139e-04 inlet=9.075e-05 outlet=7.195e-05
LBFGS 1900 | total=9.264e-03 f=6.203e-03 ic=2.107e-04 wall=4.720e-04 inlet=8.476e-05 outlet=6.650e-05
LBFGS 2000 | total=8.905e-03 f=6.148e-03 ic=1.726e-04 wall=4.235e-04 inlet=8.197e-05 outlet=5.689e-05
Saved PyTorch checkpoint to ../../results/unsteady/checkpoints/latest_lbfgs.pt
LBFGS 2100 | total=8.558e-03 f=5.956e-03 ic=1.574e-04 wall=4.076e-04 inlet=7.150e-05 outlet=4.968e-05
LBFGS 2200 | total=8.218e-03 f=5.807e-03 ic=1.494e-04 wall=3.763e-04 inlet=6.793e-05 outlet=4.099e-05
LBFGS 2300 | total=7.966e-03 f=5.697e-03 ic=1.454e-04 wall=3.562e-04 inlet=6.008e-05 outlet=4.275e-05
LBFGS 2400 | total=7.708e-03 f=5.551e-03 ic=1.285e-04 wall=3.418e-04 inlet=5.702e-05 outlet=3.492e-05
LBFGS 2500 | total=7.483e-03 f=5.442e-03 ic=1.299e-04 wall=3.200e-04 inlet=5.537e-05 outlet=3.389e-05
Saved PyTorch checkpoint to ../../results/unsteady/checkpoints/latest_lbfgs.pt
LBFGS 2600 | total=7.259e-03 f=5.364e-03 ic=1.006e-04 wall=3.007e-04 inlet=5.231e-05 outlet=2.907e-05
LBFGS 2700 | total=7.078e-03 f=5.227e-03 ic=1.030e-04 wall=2.920e-04 inlet=5.190e-05 outlet=2.817e-05
LBFGS 2800 | total=6.901e-03 f=5.111e-03 ic=1.005e-04 wall=2.829e-04 inlet=5.013e-05 outlet=2.487e-05
LBFGS 2900 | total=6.744e-03 f=4.999e-03 ic=9.322e-05 wall=2.777e-04 inlet=4.777e-05 outlet=2.453e-05
LBFGS 3000 | total=6.599e-03 f=4.943e-03 ic=8.627e-05 wall=2.643e-04 inlet=4.407e-05 outlet=2.821e-05
Saved PyTorch checkpoint to ../../results/unsteady/checkpoints/latest_lbfgs.pt
LBFGS 3100 | total=6.461e-03 f=4.864e-03 ic=7.796e-05 wall=2.571e-04 inlet=4.183e-05 outlet=2.420e-05
LBFGS 3200 | total=6.334e-03 f=4.737e-03 ic=7.323e-05 wall=2.599e-04 inlet=4.037e-05 outlet=2.204e-05
LBFGS 3300 | total=6.229e-03 f=4.687e-03 ic=6.758e-05 wall=2.527e-04 inlet=3.831e-05 outlet=1.916e-05
LBFGS 3400 | total=6.121e-03 f=4.633e-03 ic=6.256e-05 wall=2.427e-04 inlet=3.874e-05 outlet=1.895e-05
LBFGS 3500 | total=6.013e-03 f=4.533e-03 ic=6.373e-05 wall=2.416e-04 inlet=3.832e-05 outlet=1.677e-05
Saved PyTorch checkpoint to ../../results/unsteady/checkpoints/latest_lbfgs.pt
LBFGS 3600 | total=5.910e-03 f=4.491e-03 ic=6.047e-05 wall=2.320e-04 inlet=3.638e-05 outlet=1.695e-05
LBFGS 3700 | total=5.824e-03 f=4.446e-03 ic=5.697e-05 wall=2.250e-04 inlet=3.628e-05 outlet=1.463e-05
LBFGS 3800 | total=5.717e-03 f=4.358e-03 ic=5.909e-05 wall=2.227e-04 inlet=3.459e-05 outlet=1.333e-05
LBFGS 3900 | total=5.635e-03 f=4.322e-03 ic=5.384e-05 wall=2.178e-04 inlet=3.134e-05 outlet=1.265e-05
LBFGS 4000 | total=5.547e-03 f=4.284e-03 ic=5.438e-05 wall=2.070e-04 inlet=3.261e-05 outlet=1.075e-05
Saved PyTorch checkpoint to ../../results/unsteady/checkpoints/latest_lbfgs.pt
LBFGS 4100 | total=5.477e-03 f=4.265e-03 ic=5.549e-05 wall=1.997e-04 inlet=2.951e-05 outlet=1.089e-05
LBFGS 4200 | total=5.388e-03 f=4.197e-03 ic=5.561e-05 wall=1.966e-04 inlet=2.819e-05 outlet=1.178e-05
LBFGS 4300 | total=5.294e-03 f=4.160e-03 ic=4.909e-05 wall=1.883e-04 inlet=2.668e-05 outlet=9.370e-06
LBFGS 4400 | total=5.222e-03 f=4.099e-03 ic=4.284e-05 wall=1.883e-04 inlet=2.629e-05 outlet=7.927e-06
LBFGS 4500 | total=5.157e-03 f=4.082e-03 ic=3.961e-05 wall=1.808e-04 inlet=2.459e-05 outlet=8.519e-06
Saved PyTorch checkpoint to ../../results/unsteady/checkpoints/latest_lbfgs.pt
LBFGS 4600 | total=5.094e-03 f=4.060e-03 ic=3.658e-05 wall=1.746e-04 inlet=2.287e-05 outlet=9.411e-06
LBFGS 4700 | total=5.024e-03 f=4.005e-03 ic=3.269e-05 wall=1.728e-04 inlet=2.255e-05 outlet=9.500e-06
LBFGS 4800 | total=4.960e-03 f=3.953e-03 ic=3.349e-05 wall=1.719e-04 inlet=2.084e-05 outlet=9.737e-06
LBFGS 4900 | total=4.904e-03 f=3.912e-03 ic=3.250e-05 wall=1.689e-04 inlet=2.117e-05 outlet=9.677e-06
LBFGS 5000 | total=4.849e-03 f=3.873e-03 ic=3.446e-05 wall=1.660e-04 inlet=2.026e-05 outlet=9.814e-06
Saved PyTorch checkpoint to ../../results/unsteady/checkpoints/latest_lbfgs.pt
LBFGS 5100 | total=4.792e-03 f=3.830e-03 ic=3.322e-05 wall=1.636e-04 inlet=1.995e-05 outlet=1.051e-05
LBFGS 5200 | total=4.739e-03 f=3.814e-03 ic=3.456e-05 wall=1.570e-04 inlet=1.916e-05 outlet=9.776e-06
LBFGS 5300 | total=4.685e-03 f=3.779e-03 ic=3.314e-05 wall=1.536e-04 inlet=1.901e-05 outlet=9.581e-06
LBFGS 5400 | total=4.639e-03 f=3.724e-03 ic=3.147e-05 wall=1.554e-04 inlet=1.920e-05 outlet=1.029e-05
LBFGS 5500 | total=4.599e-03 f=3.687e-03 ic=3.053e-05 wall=1.549e-04 inlet=1.920e-05 outlet=1.025e-05
Saved PyTorch checkpoint to ../../results/unsteady/checkpoints/latest_lbfgs.pt
LBFGS 5600 | total=4.555e-03 f=3.661e-03 ic=3.020e-05 wall=1.517e-04 inlet=1.890e-05 outlet=1.054e-05
LBFGS 5700 | total=4.509e-03 f=3.643e-03 ic=2.964e-05 wall=1.479e-04 inlet=1.736e-05 outlet=1.044e-05
LBFGS 5800 | total=4.459e-03 f=3.604e-03 ic=2.779e-05 wall=1.459e-04 inlet=1.750e-05 outlet=1.028e-05
LBFGS 5900 | total=4.417e-03 f=3.584e-03 ic=2.868e-05 wall=1.421e-04 inlet=1.669e-05 outlet=1.032e-05
LBFGS 6000 | total=4.378e-03 f=3.578e-03 ic=2.962e-05 wall=1.365e-04 inlet=1.558e-05 outlet=1.008e-05
Saved PyTorch checkpoint to ../../results/unsteady/checkpoints/latest_lbfgs.pt
LBFGS 6100 | total=4.345e-03 f=3.548e-03 ic=2.917e-05 wall=1.362e-04 inlet=1.537e-05 outlet=1.010e-05
LBFGS 6200 | total=4.308e-03 f=3.532e-03 ic=2.992e-05 wall=1.321e-04 inlet=1.513e-05 outlet=1.080e-05
LBFGS 6300 | total=4.278e-03 f=3.513e-03 ic=2.915e-05 wall=1.300e-04 inlet=1.492e-05 outlet=1.050e-05
LBFGS 6400 | total=4.243e-03 f=3.485e-03 ic=2.872e-05 wall=1.288e-04 inlet=1.516e-05 outlet=1.023e-05
LBFGS 6500 | total=4.211e-03 f=3.460e-03 ic=2.950e-05 wall=1.279e-04 inlet=1.456e-05 outlet=9.983e-06
Saved PyTorch checkpoint to ../../results/unsteady/checkpoints/latest_lbfgs.pt
LBFGS 6600 | total=4.182e-03 f=3.439e-03 ic=2.969e-05 wall=1.265e-04 inlet=1.399e-05 outlet=1.008e-05
LBFGS 6700 | total=4.141e-03 f=3.410e-03 ic=2.976e-05 wall=1.241e-04 inlet=1.428e-05 outlet=1.008e-05
LBFGS 6800 | total=4.101e-03 f=3.393e-03 ic=3.018e-05 wall=1.194e-04 inlet=1.426e-05 outlet=1.003e-05
LBFGS 6900 | total=4.069e-03 f=3.375e-03 ic=2.953e-05 wall=1.165e-04 inlet=1.432e-05 outlet=1.029e-05
LBFGS 7000 | total=4.032e-03 f=3.338e-03 ic=2.977e-05 wall=1.170e-04 inlet=1.410e-05 outlet=9.398e-06
Saved PyTorch checkpoint to ../../results/unsteady/checkpoints/latest_lbfgs.pt
LBFGS 7100 | total=4.001e-03 f=3.315e-03 ic=2.780e-05 wall=1.160e-04 inlet=1.386e-05 outlet=9.225e-06
LBFGS 7200 | total=3.967e-03 f=3.297e-03 ic=2.566e-05 wall=1.134e-04 inlet=1.371e-05 outlet=8.446e-06
LBFGS 7300 | total=3.933e-03 f=3.271e-03 ic=2.536e-05 wall=1.124e-04 inlet=1.334e-05 outlet=7.592e-06
LBFGS 7400 | total=3.902e-03 f=3.256e-03 ic=2.397e-05 wall=1.102e-04 inlet=1.300e-05 outlet=7.054e-06
LBFGS 7500 | total=3.871e-03 f=3.240e-03 ic=2.402e-05 wall=1.075e-04 inlet=1.272e-05 outlet=6.402e-06
Saved PyTorch checkpoint to ../../results/unsteady/checkpoints/latest_lbfgs.pt
LBFGS 7600 | total=3.843e-03 f=3.217e-03 ic=2.229e-05 wall=1.070e-04 inlet=1.269e-05 outlet=5.514e-06
LBFGS 7700 | total=3.817e-03 f=3.198e-03 ic=2.271e-05 wall=1.052e-04 inlet=1.289e-05 outlet=5.492e-06
LBFGS 7800 | total=3.791e-03 f=3.186e-03 ic=2.176e-05 wall=1.030e-04 inlet=1.259e-05 outlet=4.878e-06
LBFGS 7900 | total=3.769e-03 f=3.182e-03 ic=2.099e-05 wall=1.002e-04 inlet=1.212e-05 outlet=4.677e-06
LBFGS 8000 | total=3.747e-03 f=3.178e-03 ic=2.204e-05 wall=9.703e-05 inlet=1.156e-05 outlet=4.470e-06
Saved PyTorch checkpoint to ../../results/unsteady/checkpoints/latest_lbfgs.pt
LBFGS 8100 | total=3.724e-03 f=3.173e-03 ic=2.073e-05 wall=9.413e-05 inlet=1.097e-05 outlet=4.416e-06
LBFGS 8200 | total=3.704e-03 f=3.172e-03 ic=1.993e-05 wall=9.108e-05 inlet=1.055e-05 outlet=4.091e-06
LBFGS 8300 | total=3.682e-03 f=3.141e-03 ic=2.003e-05 wall=9.278e-05 inlet=1.056e-05 outlet=3.984e-06
LBFGS 8400 | total=3.661e-03 f=3.128e-03 ic=1.975e-05 wall=9.072e-05 inlet=1.098e-05 outlet=3.933e-06
LBFGS 8500 | total=3.640e-03 f=3.117e-03 ic=1.884e-05 wall=8.959e-05 inlet=1.053e-05 outlet=3.781e-06
Saved PyTorch checkpoint to ../../results/unsteady/checkpoints/latest_lbfgs.pt
LBFGS 8600 | total=3.620e-03 f=3.103e-03 ic=1.714e-05 wall=8.870e-05 inlet=1.051e-05 outlet=3.699e-06
LBFGS 8700 | total=3.602e-03 f=3.101e-03 ic=1.663e-05 wall=8.638e-05 inlet=9.701e-06 outlet=3.425e-06
LBFGS 8800 | total=3.582e-03 f=3.087e-03 ic=1.643e-05 wall=8.569e-05 inlet=9.451e-06 outlet=3.316e-06
LBFGS 8900 | total=3.561e-03 f=3.069e-03 ic=1.639e-05 wall=8.476e-05 inlet=9.633e-06 outlet=3.346e-06
LBFGS 9000 | total=3.541e-03 f=3.051e-03 ic=1.556e-05 wall=8.399e-05 inlet=1.014e-05 outlet=3.508e-06
Saved PyTorch checkpoint to ../../results/unsteady/checkpoints/latest_lbfgs.pt
LBFGS 9100 | total=3.521e-03 f=3.035e-03 ic=1.509e-05 wall=8.372e-05 inlet=9.980e-06 outlet=3.178e-06
LBFGS 9200 | total=3.503e-03 f=3.031e-03 ic=1.520e-05 wall=8.132e-05 inlet=9.306e-06 outlet=3.451e-06
LBFGS 9300 | total=3.487e-03 f=3.015e-03 ic=1.638e-05 wall=8.139e-05 inlet=8.950e-06 outlet=3.501e-06
LBFGS 9400 | total=3.471e-03 f=3.002e-03 ic=1.664e-05 wall=8.081e-05 inlet=9.060e-06 outlet=3.170e-06
LBFGS 9500 | total=3.453e-03 f=2.991e-03 ic=1.621e-05 wall=7.976e-05 inlet=8.745e-06 outlet=3.073e-06
Saved PyTorch checkpoint to ../../results/unsteady/checkpoints/latest_lbfgs.pt
LBFGS 9600 | total=3.435e-03 f=2.982e-03 ic=1.555e-05 wall=7.818e-05 inlet=8.762e-06 outlet=3.015e-06
LBFGS 9700 | total=3.413e-03 f=2.965e-03 ic=1.543e-05 wall=7.740e-05 inlet=8.553e-06 outlet=3.026e-06
LBFGS 9800 | total=3.395e-03 f=2.950e-03 ic=1.627e-05 wall=7.699e-05 inlet=8.204e-06 outlet=3.125e-06
LBFGS 9900 | total=3.377e-03 f=2.941e-03 ic=1.591e-05 wall=7.524e-05 inlet=8.203e-06 outlet=2.945e-06
LBFGS 10000 | total=3.361e-03 f=2.922e-03 ic=1.519e-05 wall=7.641e-05 inlet=7.899e-06 outlet=2.662e-06
Saved PyTorch checkpoint to ../../results/unsteady/checkpoints/latest_lbfgs.pt
LBFGS 10100 | total=3.345e-03 f=2.912e-03 ic=1.471e-05 wall=7.480e-05 inlet=8.277e-06 outlet=2.627e-06
LBFGS 10200 | total=3.328e-03 f=2.904e-03 ic=1.482e-05 wall=7.299e-05 inlet=8.175e-06 outlet=2.665e-06
LBFGS 10300 | total=3.311e-03 f=2.896e-03 ic=1.459e-05 wall=7.179e-05 inlet=7.859e-06 outlet=2.644e-06
LBFGS 10400 | total=3.295e-03 f=2.878e-03 ic=1.434e-05 wall=7.205e-05 inlet=7.940e-06 outlet=2.700e-06
LBFGS 10500 | total=3.280e-03 f=2.863e-03 ic=1.402e-05 wall=7.154e-05 inlet=8.484e-06 outlet=2.898e-06
Saved PyTorch checkpoint to ../../results/unsteady/checkpoints/latest_lbfgs.pt
LBFGS 10600 | total=3.267e-03 f=2.849e-03 ic=1.434e-05 wall=7.184e-05 inlet=8.322e-06 outlet=2.650e-06
LBFGS 10700 | total=3.250e-03 f=2.833e-03 ic=1.451e-05 wall=7.207e-05 inlet=7.952e-06 outlet=2.627e-06
LBFGS 10800 | total=3.235e-03 f=2.828e-03 ic=1.393e-05 wall=7.001e-05 inlet=8.216e-06 outlet=2.571e-06
LBFGS 10900 | total=3.221e-03 f=2.825e-03 ic=1.362e-05 wall=6.851e-05 inlet=7.578e-06 outlet=2.327e-06
LBFGS 11000 | total=3.204e-03 f=2.816e-03 ic=1.275e-05 wall=6.727e-05 inlet=7.427e-06 outlet=2.293e-06
Saved PyTorch checkpoint to ../../results/unsteady/checkpoints/latest_lbfgs.pt
LBFGS 11100 | total=3.189e-03 f=2.793e-03 ic=1.279e-05 wall=6.870e-05 inlet=7.510e-06 outlet=2.306e-06
LBFGS 11200 | total=3.174e-03 f=2.788e-03 ic=1.283e-05 wall=6.669e-05 inlet=7.555e-06 outlet=2.317e-06
LBFGS 11300 | total=3.159e-03 f=2.781e-03 ic=1.224e-05 wall=6.535e-05 inlet=7.390e-06 outlet=2.384e-06
LBFGS 11400 | total=3.145e-03 f=2.778e-03 ic=1.151e-05 wall=6.331e-05 inlet=7.389e-06 outlet=2.389e-06
LBFGS 11500 | total=3.131e-03 f=2.769e-03 ic=1.158e-05 wall=6.226e-05 inlet=7.313e-06 outlet=2.392e-06
Saved PyTorch checkpoint to ../../results/unsteady/checkpoints/latest_lbfgs.pt
LBFGS 11600 | total=3.118e-03 f=2.761e-03 ic=1.100e-05 wall=6.143e-05 inlet=7.226e-06 outlet=2.267e-06
LBFGS 11700 | total=3.105e-03 f=2.749e-03 ic=1.072e-05 wall=6.133e-05 inlet=7.243e-06 outlet=2.362e-06
LBFGS 11800 | total=3.092e-03 f=2.740e-03 ic=1.033e-05 wall=6.069e-05 inlet=7.250e-06 outlet=2.389e-06
LBFGS 11900 | total=3.079e-03 f=2.735e-03 ic=1.021e-05 wall=5.910e-05 inlet=7.254e-06 outlet=2.442e-06
LBFGS 12000 | total=3.066e-03 f=2.722e-03 ic=9.946e-06 wall=5.905e-05 inlet=7.281e-06 outlet=2.327e-06
Saved PyTorch checkpoint to ../../results/unsteady/checkpoints/latest_lbfgs.pt
LBFGS 12100 | total=3.053e-03 f=2.709e-03 ic=9.866e-06 wall=5.905e-05 inlet=7.433e-06 outlet=2.402e-06
LBFGS 12200 | total=3.042e-03 f=2.705e-03 ic=9.747e-06 wall=5.797e-05 inlet=6.943e-06 outlet=2.413e-06
LBFGS 12300 | total=3.030e-03 f=2.694e-03 ic=9.606e-06 wall=5.768e-05 inlet=6.906e-06 outlet=2.558e-06
LBFGS 12400 | total=3.017e-03 f=2.685e-03 ic=9.144e-06 wall=5.712e-05 inlet=6.888e-06 outlet=2.603e-06
LBFGS 12500 | total=3.004e-03 f=2.676e-03 ic=9.080e-06 wall=5.660e-05 inlet=6.818e-06 outlet=2.665e-06
Saved PyTorch checkpoint to ../../results/unsteady/checkpoints/latest_lbfgs.pt
LBFGS 12600 | total=2.994e-03 f=2.669e-03 ic=8.882e-06 wall=5.581e-05 inlet=6.914e-06 outlet=2.764e-06
LBFGS 12700 | total=2.983e-03 f=2.654e-03 ic=9.221e-06 wall=5.663e-05 inlet=6.803e-06 outlet=2.678e-06
LBFGS 12800 | total=2.971e-03 f=2.644e-03 ic=8.884e-06 wall=5.629e-05 inlet=6.711e-06 outlet=2.559e-06
LBFGS 12900 | total=2.959e-03 f=2.634e-03 ic=8.606e-06 wall=5.610e-05 inlet=6.660e-06 outlet=2.643e-06
LBFGS 13000 | total=2.947e-03 f=2.628e-03 ic=8.758e-06 wall=5.514e-05 inlet=6.402e-06 outlet=2.917e-06
Saved PyTorch checkpoint to ../../results/unsteady/checkpoints/latest_lbfgs.pt
LBFGS 13100 | total=2.934e-03 f=2.620e-03 ic=8.974e-06 wall=5.405e-05 inlet=6.543e-06 outlet=2.498e-06
LBFGS 13200 | total=2.923e-03 f=2.610e-03 ic=8.929e-06 wall=5.371e-05 inlet=6.410e-06 outlet=2.604e-06
LBFGS 13300 | total=2.908e-03 f=2.599e-03 ic=9.804e-06 wall=5.303e-05 inlet=6.357e-06 outlet=2.484e-06
LBFGS 13400 | total=2.896e-03 f=2.584e-03 ic=1.019e-05 wall=5.360e-05 inlet=6.422e-06 outlet=2.218e-06
LBFGS 13500 | total=2.885e-03 f=2.579e-03 ic=1.055e-05 wall=5.234e-05 inlet=6.260e-06 outlet=2.329e-06
Saved PyTorch checkpoint to ../../results/unsteady/checkpoints/latest_lbfgs.pt
LBFGS 13600 | total=2.872e-03 f=2.567e-03 ic=1.065e-05 wall=5.229e-05 inlet=6.049e-06 outlet=2.024e-06
LBFGS 13700 | total=2.861e-03 f=2.557e-03 ic=1.056e-05 wall=5.217e-05 inlet=6.070e-06 outlet=1.979e-06
LBFGS 13800 | total=2.851e-03 f=2.548e-03 ic=1.047e-05 wall=5.197e-05 inlet=6.033e-06 outlet=1.938e-06
LBFGS 13900 | total=2.840e-03 f=2.544e-03 ic=9.858e-06 wall=5.081e-05 inlet=6.048e-06 outlet=1.817e-06
LBFGS 14000 | total=2.832e-03 f=2.536e-03 ic=9.757e-06 wall=5.070e-05 inlet=6.180e-06 outlet=1.691e-06
Saved PyTorch checkpoint to ../../results/unsteady/checkpoints/latest_lbfgs.pt
LBFGS 14100 | total=2.821e-03 f=2.530e-03 ic=9.664e-06 wall=5.002e-05 inlet=5.915e-06 outlet=1.491e-06
LBFGS 14200 | total=2.810e-03 f=2.525e-03 ic=9.792e-06 wall=4.892e-05 inlet=5.828e-06 outlet=1.523e-06
LBFGS 14300 | total=2.800e-03 f=2.520e-03 ic=9.726e-06 wall=4.799e-05 inlet=5.714e-06 outlet=1.320e-06
LBFGS 14400 | total=2.790e-03 f=2.510e-03 ic=9.413e-06 wall=4.835e-05 inlet=5.465e-06 outlet=1.347e-06
LBFGS 14500 | total=2.781e-03 f=2.499e-03 ic=9.535e-06 wall=4.849e-05 inlet=5.565e-06 outlet=1.374e-06
Saved PyTorch checkpoint to ../../results/unsteady/checkpoints/latest_lbfgs.pt
LBFGS 14600 | total=2.772e-03 f=2.491e-03 ic=9.583e-06 wall=4.823e-05 inlet=5.608e-06 outlet=1.296e-06
LBFGS 14700 | total=2.763e-03 f=2.490e-03 ic=9.593e-06 wall=4.700e-05 inlet=5.465e-06 outlet=1.291e-06
LBFGS 14800 | total=2.753e-03 f=2.479e-03 ic=9.658e-06 wall=4.713e-05 inlet=5.531e-06 outlet=1.328e-06
LBFGS 14900 | total=2.745e-03 f=2.475e-03 ic=9.642e-06 wall=4.654e-05 inlet=5.231e-06 outlet=1.428e-06
LBFGS 15000 | total=2.736e-03 f=2.466e-03 ic=9.858e-06 wall=4.668e-05 inlet=5.253e-06 outlet=1.293e-06
Saved PyTorch checkpoint to ../../results/unsteady/checkpoints/latest_lbfgs.pt
LBFGS 15100 | total=2.728e-03 f=2.460e-03 ic=9.885e-06 wall=4.635e-05 inlet=5.051e-06 outlet=1.295e-06
LBFGS 15200 | total=2.720e-03 f=2.450e-03 ic=1.010e-05 wall=4.649e-05 inlet=5.134e-06 outlet=1.397e-06
LBFGS 15300 | total=2.712e-03 f=2.444e-03 ic=1.052e-05 wall=4.608e-05 inlet=5.030e-06 outlet=1.247e-06
LBFGS 15400 | total=2.703e-03 f=2.440e-03 ic=1.051e-05 wall=4.525e-05 inlet=4.990e-06 outlet=1.347e-06
LBFGS 15500 | total=2.695e-03 f=2.434e-03 ic=1.064e-05 wall=4.516e-05 inlet=4.700e-06 outlet=1.281e-06
Saved PyTorch checkpoint to ../../results/unsteady/checkpoints/latest_lbfgs.pt
LBFGS 15600 | total=2.687e-03 f=2.427e-03 ic=1.033e-05 wall=4.479e-05 inlet=4.744e-06 outlet=1.422e-06
LBFGS 15700 | total=2.679e-03 f=2.424e-03 ic=1.018e-05 wall=4.397e-05 inlet=4.687e-06 outlet=1.539e-06
LBFGS 15800 | total=2.672e-03 f=2.418e-03 ic=1.013e-05 wall=4.365e-05 inlet=4.834e-06 outlet=1.502e-06
LBFGS 15900 | total=2.664e-03 f=2.413e-03 ic=1.012e-05 wall=4.334e-05 inlet=4.473e-06 outlet=1.738e-06
LBFGS 16000 | total=2.656e-03 f=2.404e-03 ic=9.924e-06 wall=4.338e-05 inlet=4.731e-06 outlet=1.713e-06
Saved PyTorch checkpoint to ../../results/unsteady/checkpoints/latest_lbfgs.pt
LBFGS 16100 | total=2.648e-03 f=2.398e-03 ic=9.879e-06 wall=4.312e-05 inlet=4.544e-06 outlet=1.660e-06
LBFGS 16200 | total=2.640e-03 f=2.393e-03 ic=9.611e-06 wall=4.250e-05 inlet=4.540e-06 outlet=1.735e-06
LBFGS 16300 | total=2.632e-03 f=2.388e-03 ic=9.849e-06 wall=4.211e-05 inlet=4.460e-06 outlet=1.697e-06
LBFGS 16400 | total=2.624e-03 f=2.386e-03 ic=9.291e-06 wall=4.106e-05 inlet=4.406e-06 outlet=1.632e-06
LBFGS 16500 | total=2.616e-03 f=2.378e-03 ic=9.371e-06 wall=4.083e-05 inlet=4.621e-06 outlet=1.645e-06
Saved PyTorch checkpoint to ../../results/unsteady/checkpoints/latest_lbfgs.pt
LBFGS 16600 | total=2.607e-03 f=2.372e-03 ic=9.289e-06 wall=4.033e-05 inlet=4.508e-06 outlet=1.672e-06
LBFGS 16700 | total=2.598e-03 f=2.364e-03 ic=9.339e-06 wall=4.009e-05 inlet=4.584e-06 outlet=1.626e-06
LBFGS 16800 | total=2.589e-03 f=2.358e-03 ic=9.315e-06 wall=3.942e-05 inlet=4.560e-06 outlet=1.427e-06
LBFGS 16900 | total=2.581e-03 f=2.357e-03 ic=9.509e-06 wall=3.836e-05 inlet=4.392e-06 outlet=1.408e-06
LBFGS 17000 | total=2.574e-03 f=2.352e-03 ic=9.107e-06 wall=3.790e-05 inlet=4.446e-06 outlet=1.482e-06
Saved PyTorch checkpoint to ../../results/unsteady/checkpoints/latest_lbfgs.pt
LBFGS 17100 | total=2.567e-03 f=2.343e-03 ic=8.539e-06 wall=3.819e-05 inlet=4.535e-06 outlet=1.526e-06
LBFGS 17200 | total=2.560e-03 f=2.335e-03 ic=8.465e-06 wall=3.860e-05 inlet=4.346e-06 outlet=1.555e-06
LBFGS 17300 | total=2.551e-03 f=2.329e-03 ic=8.231e-06 wall=3.805e-05 inlet=4.445e-06 outlet=1.481e-06
LBFGS 17400 | total=2.543e-03 f=2.323e-03 ic=8.515e-06 wall=3.768e-05 inlet=4.405e-06 outlet=1.515e-06
LBFGS 17500 | total=2.535e-03 f=2.314e-03 ic=8.359e-06 wall=3.779e-05 inlet=4.431e-06 outlet=1.407e-06
Saved PyTorch checkpoint to ../../results/unsteady/checkpoints/latest_lbfgs.pt
LBFGS 17600 | total=2.526e-03 f=2.309e-03 ic=8.369e-06 wall=3.675e-05 inlet=4.601e-06 outlet=1.471e-06
LBFGS 17700 | total=2.516e-03 f=2.300e-03 ic=8.419e-06 wall=3.690e-05 inlet=4.355e-06 outlet=1.446e-06
LBFGS 17800 | total=2.507e-03 f=2.296e-03 ic=8.501e-06 wall=3.596e-05 inlet=4.331e-06 outlet=1.272e-06
LBFGS 17900 | total=2.499e-03 f=2.293e-03 ic=8.768e-06 wall=3.490e-05 inlet=4.257e-06 outlet=1.083e-06
LBFGS 18000 | total=2.490e-03 f=2.288e-03 ic=8.700e-06 wall=3.434e-05 inlet=4.248e-06 outlet=9.513e-07
Saved PyTorch checkpoint to ../../results/unsteady/checkpoints/latest_lbfgs.pt
LBFGS 18100 | total=2.481e-03 f=2.278e-03 ic=8.981e-06 wall=3.447e-05 inlet=4.155e-06 outlet=1.045e-06
LBFGS 18200 | total=2.473e-03 f=2.267e-03 ic=8.867e-06 wall=3.498e-05 inlet=4.346e-06 outlet=8.889e-07
LBFGS 18300 | total=2.464e-03 f=2.258e-03 ic=8.717e-06 wall=3.513e-05 inlet=4.240e-06 outlet=1.019e-06
LBFGS 18400 | total=2.455e-03 f=2.250e-03 ic=9.142e-06 wall=3.465e-05 inlet=4.193e-06 outlet=1.033e-06
LBFGS 18500 | total=2.446e-03 f=2.245e-03 ic=9.534e-06 wall=3.407e-05 inlet=4.083e-06 outlet=9.312e-07
Saved PyTorch checkpoint to ../../results/unsteady/checkpoints/latest_lbfgs.pt
LBFGS 18600 | total=2.434e-03 f=2.236e-03 ic=9.699e-06 wall=3.322e-05 inlet=4.235e-06 outlet=9.893e-07
LBFGS 18700 | total=2.423e-03 f=2.230e-03 ic=9.444e-06 wall=3.234e-05 inlet=4.112e-06 outlet=9.984e-07
LBFGS 18800 | total=2.413e-03 f=2.224e-03 ic=9.491e-06 wall=3.168e-05 inlet=4.038e-06 outlet=9.520e-07
LBFGS 18900 | total=2.402e-03 f=2.213e-03 ic=9.559e-06 wall=3.169e-05 inlet=4.011e-06 outlet=9.615e-07
LBFGS 19000 | total=2.392e-03 f=2.204e-03 ic=9.348e-06 wall=3.147e-05 inlet=3.991e-06 outlet=1.123e-06
Saved PyTorch checkpoint to ../../results/unsteady/checkpoints/latest_lbfgs.pt
LBFGS 19100 | total=2.382e-03 f=2.196e-03 ic=9.556e-06 wall=3.112e-05 inlet=3.932e-06 outlet=1.177e-06
LBFGS 19200 | total=2.372e-03 f=2.186e-03 ic=9.810e-06 wall=3.074e-05 inlet=4.256e-06 outlet=1.139e-06
LBFGS 19300 | total=2.360e-03 f=2.174e-03 ic=9.452e-06 wall=3.099e-05 inlet=4.063e-06 outlet=1.136e-06
LBFGS 19400 | total=2.347e-03 f=2.165e-03 ic=8.857e-06 wall=3.071e-05 inlet=3.715e-06 outlet=1.108e-06
LBFGS 19500 | total=2.336e-03 f=2.155e-03 ic=8.989e-06 wall=3.011e-05 inlet=4.168e-06 outlet=1.121e-06
Saved PyTorch checkpoint to ../../results/unsteady/checkpoints/latest_lbfgs.pt
LBFGS 19600 | total=2.322e-03 f=2.141e-03 ic=8.489e-06 wall=2.995e-05 inlet=4.145e-06 outlet=1.396e-06
LBFGS 19700 | total=2.307e-03 f=2.131e-03 ic=8.408e-06 wall=2.910e-05 inlet=4.087e-06 outlet=1.609e-06
LBFGS 19800 | total=2.290e-03 f=2.118e-03 ic=8.441e-06 wall=2.845e-05 inlet=3.997e-06 outlet=1.558e-06
LBFGS 19900 | total=2.274e-03 f=2.104e-03 ic=8.170e-06 wall=2.843e-05 inlet=3.859e-06 outlet=1.343e-06
LBFGS 20000 | total=2.259e-03 f=2.093e-03 ic=7.792e-06 wall=2.755e-05 inlet=3.850e-06 outlet=1.284e-06
Saved PyTorch checkpoint to ../../results/unsteady/checkpoints/latest_lbfgs.pt
LBFGS 20100 | total=2.244e-03 f=2.081e-03 ic=7.698e-06 wall=2.695e-05 inlet=4.042e-06 outlet=1.175e-06
LBFGS 20200 | total=2.230e-03 f=2.066e-03 ic=7.364e-06 wall=2.667e-05 inlet=4.386e-06 outlet=1.225e-06
LBFGS 20300 | total=2.216e-03 f=2.051e-03 ic=7.260e-06 wall=2.714e-05 inlet=4.276e-06 outlet=1.335e-06
LBFGS 20400 | total=2.201e-03 f=2.038e-03 ic=7.454e-06 wall=2.652e-05 inlet=4.323e-06 outlet=1.388e-06
LBFGS 20500 | total=2.186e-03 f=2.023e-03 ic=7.574e-06 wall=2.657e-05 inlet=4.212e-06 outlet=1.444e-06
Saved PyTorch checkpoint to ../../results/unsteady/checkpoints/latest_lbfgs.pt
LBFGS 20600 | total=2.170e-03 f=2.006e-03 ic=7.701e-06 wall=2.707e-05 inlet=4.057e-06 outlet=1.597e-06
LBFGS 20700 | total=2.156e-03 f=1.995e-03 ic=8.287e-06 wall=2.614e-05 inlet=3.962e-06 outlet=1.688e-06
LBFGS 20800 | total=2.138e-03 f=1.980e-03 ic=7.911e-06 wall=2.541e-05 inlet=4.260e-06 outlet=1.681e-06
LBFGS 20900 | total=2.120e-03 f=1.961e-03 ic=7.774e-06 wall=2.557e-05 inlet=4.185e-06 outlet=1.966e-06
LBFGS 21000 | total=2.102e-03 f=1.940e-03 ic=8.066e-06 wall=2.597e-05 inlet=4.326e-06 outlet=1.944e-06
Saved PyTorch checkpoint to ../../results/unsteady/checkpoints/latest_lbfgs.pt
LBFGS 21100 | total=2.082e-03 f=1.920e-03 ic=8.279e-06 wall=2.615e-05 inlet=4.162e-06 outlet=1.857e-06
LBFGS 21200 | total=2.065e-03 f=1.902e-03 ic=8.196e-06 wall=2.666e-05 inlet=3.985e-06 outlet=1.662e-06
LBFGS 21300 | total=2.046e-03 f=1.884e-03 ic=7.989e-06 wall=2.636e-05 inlet=4.295e-06 outlet=1.606e-06
LBFGS 21400 | total=2.029e-03 f=1.868e-03 ic=8.048e-06 wall=2.591e-05 inlet=4.260e-06 outlet=1.671e-06
LBFGS 21500 | total=2.013e-03 f=1.856e-03 ic=7.859e-06 wall=2.561e-05 inlet=4.022e-06 outlet=1.662e-06
Saved PyTorch checkpoint to ../../results/unsteady/checkpoints/latest_lbfgs.pt
LBFGS 21600 | total=1.990e-03 f=1.835e-03 ic=8.219e-06 wall=2.483e-05 inlet=4.017e-06 outlet=1.965e-06
LBFGS 21700 | total=1.969e-03 f=1.817e-03 ic=8.631e-06 wall=2.409e-05 inlet=4.091e-06 outlet=1.655e-06
LBFGS 21800 | total=1.946e-03 f=1.799e-03 ic=8.071e-06 wall=2.342e-05 inlet=4.245e-06 outlet=1.426e-06
LBFGS 21900 | total=1.924e-03 f=1.777e-03 ic=7.998e-06 wall=2.335e-05 inlet=4.153e-06 outlet=1.346e-06
LBFGS 22000 | total=1.903e-03 f=1.763e-03 ic=7.910e-06 wall=2.210e-05 inlet=4.035e-06 outlet=1.449e-06
Saved PyTorch checkpoint to ../../results/unsteady/checkpoints/latest_lbfgs.pt
LBFGS 22100 | total=1.882e-03 f=1.743e-03 ic=8.584e-06 wall=2.159e-05 inlet=4.042e-06 outlet=1.617e-06
LBFGS 22200 | total=1.863e-03 f=1.722e-03 ic=9.240e-06 wall=2.198e-05 inlet=4.012e-06 outlet=1.778e-06
LBFGS 22300 | total=1.843e-03 f=1.705e-03 ic=9.940e-06 wall=2.151e-05 inlet=3.842e-06 outlet=1.904e-06
LBFGS 22400 | total=1.824e-03 f=1.681e-03 ic=9.546e-06 wall=2.194e-05 inlet=4.159e-06 outlet=2.033e-06
LBFGS 22500 | total=1.806e-03 f=1.662e-03 ic=9.375e-06 wall=2.198e-05 inlet=4.452e-06 outlet=1.845e-06
Saved PyTorch checkpoint to ../../results/unsteady/checkpoints/latest_lbfgs.pt
LBFGS 22600 | total=1.785e-03 f=1.645e-03 ic=9.045e-06 wall=2.142e-05 inlet=4.350e-06 outlet=2.179e-06
LBFGS 22700 | total=1.766e-03 f=1.625e-03 ic=9.050e-06 wall=2.160e-05 inlet=4.291e-06 outlet=2.230e-06
LBFGS 22800 | total=1.749e-03 f=1.612e-03 ic=8.921e-06 wall=2.097e-05 inlet=4.351e-06 outlet=2.220e-06
LBFGS 22900 | total=1.727e-03 f=1.591e-03 ic=8.807e-06 wall=2.060e-05 inlet=4.453e-06 outlet=2.026e-06
LBFGS 23000 | total=1.709e-03 f=1.573e-03 ic=8.500e-06 wall=2.055e-05 inlet=4.388e-06 outlet=2.176e-06
Saved PyTorch checkpoint to ../../results/unsteady/checkpoints/latest_lbfgs.pt
LBFGS 23100 | total=1.692e-03 f=1.559e-03 ic=8.507e-06 wall=1.991e-05 inlet=4.496e-06 outlet=2.168e-06
LBFGS 23200 | total=1.673e-03 f=1.541e-03 ic=9.030e-06 wall=1.968e-05 inlet=4.477e-06 outlet=2.073e-06
LBFGS 23300 | total=1.656e-03 f=1.526e-03 ic=9.275e-06 wall=1.927e-05 inlet=4.341e-06 outlet=1.931e-06
LBFGS 23400 | total=1.640e-03 f=1.510e-03 ic=9.375e-06 wall=1.947e-05 inlet=4.425e-06 outlet=1.712e-06
LBFGS 23500 | total=1.626e-03 f=1.499e-03 ic=9.383e-06 wall=1.894e-05 inlet=4.163e-06 outlet=1.596e-06
Saved PyTorch checkpoint to ../../results/unsteady/checkpoints/latest_lbfgs.pt
LBFGS 23600 | total=1.610e-03 f=1.484e-03 ic=9.265e-06 wall=1.880e-05 inlet=4.144e-06 outlet=1.501e-06
LBFGS 23700 | total=1.595e-03 f=1.473e-03 ic=8.934e-06 wall=1.847e-05 inlet=3.938e-06 outlet=1.602e-06
LBFGS 23800 | total=1.580e-03 f=1.458e-03 ic=9.212e-06 wall=1.831e-05 inlet=4.068e-06 outlet=1.603e-06
LBFGS 23900 | total=1.566e-03 f=1.447e-03 ic=8.733e-06 wall=1.767e-05 inlet=4.045e-06 outlet=1.869e-06
LBFGS 24000 | total=1.551e-03 f=1.432e-03 ic=8.519e-06 wall=1.756e-05 inlet=4.066e-06 outlet=2.048e-06
Saved PyTorch checkpoint to ../../results/unsteady/checkpoints/latest_lbfgs.pt
LBFGS 24100 | total=1.535e-03 f=1.414e-03 ic=8.897e-06 wall=1.751e-05 inlet=4.366e-06 outlet=2.266e-06
LBFGS 24200 | total=1.518e-03 f=1.398e-03 ic=9.262e-06 wall=1.746e-05 inlet=4.335e-06 outlet=1.813e-06
LBFGS 24300 | total=1.503e-03 f=1.386e-03 ic=8.910e-06 wall=1.699e-05 inlet=4.345e-06 outlet=1.686e-06
LBFGS 24400 | total=1.489e-03 f=1.372e-03 ic=8.983e-06 wall=1.694e-05 inlet=4.337e-06 outlet=1.772e-06
LBFGS 24500 | total=1.476e-03 f=1.362e-03 ic=9.215e-06 wall=1.622e-05 inlet=4.277e-06 outlet=1.751e-06
Saved PyTorch checkpoint to ../../results/unsteady/checkpoints/latest_lbfgs.pt
LBFGS 24600 | total=1.461e-03 f=1.349e-03 ic=9.058e-06 wall=1.619e-05 inlet=4.196e-06 outlet=1.657e-06
LBFGS 24700 | total=1.447e-03 f=1.337e-03 ic=9.366e-06 wall=1.558e-05 inlet=4.172e-06 outlet=1.681e-06
LBFGS 24800 | total=1.433e-03 f=1.324e-03 ic=9.192e-06 wall=1.533e-05 inlet=4.170e-06 outlet=1.614e-06
LBFGS 24900 | total=1.419e-03 f=1.313e-03 ic=9.320e-06 wall=1.488e-05 inlet=3.963e-06 outlet=1.577e-06
LBFGS 25000 | total=1.406e-03 f=1.301e-03 ic=9.641e-06 wall=1.472e-05 inlet=4.063e-06 outlet=1.445e-06
Saved PyTorch checkpoint to ../../results/unsteady/checkpoints/latest_lbfgs.pt
LBFGS 25100 | total=1.394e-03 f=1.289e-03 ic=8.941e-06 wall=1.485e-05 inlet=4.090e-06 outlet=1.475e-06
LBFGS 25200 | total=1.379e-03 f=1.275e-03 ic=8.844e-06 wall=1.485e-05 inlet=3.972e-06 outlet=1.324e-06
LBFGS 25300 | total=1.366e-03 f=1.263e-03 ic=9.087e-06 wall=1.474e-05 inlet=3.903e-06 outlet=1.228e-06
LBFGS 25400 | total=1.354e-03 f=1.252e-03 ic=8.990e-06 wall=1.473e-05 inlet=3.837e-06 outlet=1.085e-06
LBFGS 25500 | total=1.342e-03 f=1.240e-03 ic=8.865e-06 wall=1.463e-05 inlet=3.862e-06 outlet=1.024e-06
Saved PyTorch checkpoint to ../../results/unsteady/checkpoints/latest_lbfgs.pt
LBFGS 25600 | total=1.333e-03 f=1.234e-03 ic=9.041e-06 wall=1.418e-05 inlet=3.593e-06 outlet=1.133e-06
LBFGS 25700 | total=1.322e-03 f=1.226e-03 ic=8.612e-06 wall=1.359e-05 inlet=3.645e-06 outlet=1.151e-06
LBFGS 25800 | total=1.311e-03 f=1.215e-03 ic=8.363e-06 wall=1.349e-05 inlet=3.768e-06 outlet=1.186e-06
LBFGS 25900 | total=1.300e-03 f=1.204e-03 ic=8.257e-06 wall=1.356e-05 inlet=3.818e-06 outlet=1.117e-06
LBFGS 26000 | total=1.290e-03 f=1.195e-03 ic=8.129e-06 wall=1.349e-05 inlet=3.689e-06 outlet=1.012e-06
Saved PyTorch checkpoint to ../../results/unsteady/checkpoints/latest_lbfgs.pt
LBFGS 26100 | total=1.279e-03 f=1.186e-03 ic=7.939e-06 wall=1.325e-05 inlet=3.570e-06 outlet=1.082e-06
LBFGS 26200 | total=1.268e-03 f=1.177e-03 ic=7.920e-06 wall=1.297e-05 inlet=3.515e-06 outlet=1.113e-06
LBFGS 26300 | total=1.258e-03 f=1.166e-03 ic=7.843e-06 wall=1.328e-05 inlet=3.354e-06 outlet=1.007e-06
LBFGS 26400 | total=1.246e-03 f=1.155e-03 ic=7.782e-06 wall=1.305e-05 inlet=3.349e-06 outlet=1.119e-06
LBFGS 26500 | total=1.236e-03 f=1.146e-03 ic=8.019e-06 wall=1.276e-05 inlet=3.397e-06 outlet=1.050e-06
Saved PyTorch checkpoint to ../../results/unsteady/checkpoints/latest_lbfgs.pt
LBFGS 26600 | total=1.226e-03 f=1.137e-03 ic=7.756e-06 wall=1.281e-05 inlet=3.260e-06 outlet=1.102e-06
LBFGS 26700 | total=1.217e-03 f=1.127e-03 ic=7.910e-06 wall=1.275e-05 inlet=3.468e-06 outlet=1.317e-06
LBFGS 26800 | total=1.208e-03 f=1.117e-03 ic=8.263e-06 wall=1.266e-05 inlet=3.590e-06 outlet=1.383e-06
LBFGS 26900 | total=1.199e-03 f=1.110e-03 ic=7.939e-06 wall=1.250e-05 inlet=3.483e-06 outlet=1.258e-06
LBFGS 27000 | total=1.188e-03 f=1.098e-03 ic=8.720e-06 wall=1.237e-05 inlet=3.498e-06 outlet=1.225e-06
Saved PyTorch checkpoint to ../../results/unsteady/checkpoints/latest_lbfgs.pt
LBFGS 27100 | total=1.176e-03 f=1.084e-03 ic=9.105e-06 wall=1.282e-05 inlet=3.483e-06 outlet=1.262e-06
LBFGS 27200 | total=1.165e-03 f=1.074e-03 ic=9.312e-06 wall=1.252e-05 inlet=3.491e-06 outlet=1.509e-06
LBFGS 27300 | total=1.155e-03 f=1.064e-03 ic=9.717e-06 wall=1.247e-05 inlet=3.513e-06 outlet=1.628e-06
LBFGS 27400 | total=1.146e-03 f=1.056e-03 ic=9.457e-06 wall=1.239e-05 inlet=3.438e-06 outlet=1.425e-06
LBFGS 27500 | total=1.136e-03 f=1.046e-03 ic=9.032e-06 wall=1.231e-05 inlet=3.603e-06 outlet=1.448e-06
Saved PyTorch checkpoint to ../../results/unsteady/checkpoints/latest_lbfgs.pt
LBFGS 27600 | total=1.127e-03 f=1.037e-03 ic=9.223e-06 wall=1.218e-05 inlet=3.620e-06 outlet=1.559e-06
LBFGS 27700 | total=1.117e-03 f=1.028e-03 ic=9.145e-06 wall=1.219e-05 inlet=3.438e-06 outlet=1.551e-06
LBFGS 27800 | total=1.108e-03 f=1.020e-03 ic=9.080e-06 wall=1.189e-05 inlet=3.503e-06 outlet=1.599e-06
LBFGS 27900 | total=1.098e-03 f=1.011e-03 ic=8.823e-06 wall=1.192e-05 inlet=3.432e-06 outlet=1.560e-06
LBFGS 28000 | total=1.088e-03 f=9.995e-04 ic=8.763e-06 wall=1.217e-05 inlet=3.472e-06 outlet=1.418e-06
Saved PyTorch checkpoint to ../../results/unsteady/checkpoints/latest_lbfgs.pt
LBFGS 28100 | total=1.077e-03 f=9.913e-04 ic=8.668e-06 wall=1.166e-05 inlet=3.492e-06 outlet=1.551e-06
LBFGS 28200 | total=1.068e-03 f=9.815e-04 ic=8.486e-06 wall=1.171e-05 inlet=3.451e-06 outlet=1.687e-06
LBFGS 28300 | total=1.059e-03 f=9.734e-04 ic=8.474e-06 wall=1.178e-05 inlet=3.383e-06 outlet=1.470e-06
LBFGS 28400 | total=1.051e-03 f=9.653e-04 ic=8.443e-06 wall=1.177e-05 inlet=3.321e-06 outlet=1.387e-06
LBFGS 28500 | total=1.042e-03 f=9.561e-04 ic=8.298e-06 wall=1.201e-05 inlet=3.253e-06 outlet=1.446e-06
Saved PyTorch checkpoint to ../../results/unsteady/checkpoints/latest_lbfgs.pt
LBFGS 28600 | total=1.033e-03 f=9.464e-04 ic=8.149e-06 wall=1.199e-05 inlet=3.376e-06 outlet=1.576e-06
LBFGS 28700 | total=1.024e-03 f=9.381e-04 ic=8.309e-06 wall=1.183e-05 inlet=3.406e-06 outlet=1.580e-06
LBFGS 28800 | total=1.016e-03 f=9.314e-04 ic=8.290e-06 wall=1.164e-05 inlet=3.362e-06 outlet=1.621e-06
LBFGS 28900 | total=1.009e-03 f=9.247e-04 ic=8.142e-06 wall=1.161e-05 inlet=3.406e-06 outlet=1.546e-06
LBFGS 29000 | total=1.002e-03 f=9.185e-04 ic=7.747e-06 wall=1.148e-05 inlet=3.317e-06 outlet=1.572e-06
Saved PyTorch checkpoint to ../../results/unsteady/checkpoints/latest_lbfgs.pt
LBFGS 29100 | total=9.941e-04 f=9.106e-04 ic=7.715e-06 wall=1.140e-05 inlet=3.364e-06 outlet=1.928e-06
LBFGS 29200 | total=9.861e-04 f=9.019e-04 ic=7.384e-06 wall=1.157e-05 inlet=3.317e-06 outlet=2.332e-06
LBFGS 29300 | total=9.784e-04 f=8.944e-04 ic=7.332e-06 wall=1.163e-05 inlet=3.243e-06 outlet=2.282e-06
LBFGS 29400 | total=9.716e-04 f=8.867e-04 ic=7.487e-06 wall=1.166e-05 inlet=3.393e-06 outlet=2.220e-06
LBFGS 29500 | total=9.648e-04 f=8.817e-04 ic=7.592e-06 wall=1.130e-05 inlet=3.381e-06 outlet=2.114e-06
Saved PyTorch checkpoint to ../../results/unsteady/checkpoints/latest_lbfgs.pt
LBFGS 29600 | total=9.582e-04 f=8.751e-04 ic=7.937e-06 wall=1.127e-05 inlet=3.329e-06 outlet=2.199e-06
LBFGS 29700 | total=9.505e-04 f=8.677e-04 ic=8.020e-06 wall=1.132e-05 inlet=3.209e-06 outlet=2.176e-06
LBFGS 29800 | total=9.429e-04 f=8.596e-04 ic=7.999e-06 wall=1.137e-05 inlet=3.319e-06 outlet=1.888e-06
LBFGS 29900 | total=9.360e-04 f=8.533e-04 ic=7.926e-06 wall=1.137e-05 inlet=3.276e-06 outlet=1.621e-06
LBFGS 30000 | total=9.293e-04 f=8.478e-04 ic=7.683e-06 wall=1.118e-05 inlet=3.313e-06 outlet=1.433e-06
Saved PyTorch checkpoint to ../../results/unsteady/checkpoints/latest_lbfgs.pt
LBFGS 30100 | total=9.225e-04 f=8.417e-04 ic=7.840e-06 wall=1.102e-05 inlet=3.287e-06 outlet=1.441e-06
LBFGS 30200 | total=9.145e-04 f=8.341e-04 ic=8.249e-06 wall=1.087e-05 inlet=3.253e-06 outlet=1.468e-06
LBFGS 30300 | total=9.065e-04 f=8.268e-04 ic=8.324e-06 wall=1.070e-05 inlet=3.288e-06 outlet=1.393e-06
LBFGS 30400 | total=8.995e-04 f=8.205e-04 ic=8.856e-06 wall=1.044e-05 inlet=3.323e-06 outlet=1.315e-06
LBFGS 30500 | total=8.918e-04 f=8.130e-04 ic=8.921e-06 wall=1.045e-05 inlet=3.265e-06 outlet=1.360e-06
Saved PyTorch checkpoint to ../../results/unsteady/checkpoints/latest_lbfgs.pt
LBFGS 30600 | total=8.841e-04 f=8.058e-04 ic=8.268e-06 wall=1.038e-05 inlet=3.317e-06 outlet=1.587e-06
LBFGS 30700 | total=8.766e-04 f=7.981e-04 ic=8.142e-06 wall=1.051e-05 inlet=3.231e-06 outlet=1.693e-06
LBFGS 30800 | total=8.697e-04 f=7.914e-04 ic=8.361e-06 wall=1.042e-05 inlet=3.262e-06 outlet=1.523e-06
LBFGS 30900 | total=8.624e-04 f=7.849e-04 ic=8.724e-06 wall=1.026e-05 inlet=3.216e-06 outlet=1.434e-06
LBFGS 31000 | total=8.558e-04 f=7.796e-04 ic=8.895e-06 wall=1.012e-05 inlet=3.029e-06 outlet=1.520e-06
Saved PyTorch checkpoint to ../../results/unsteady/checkpoints/latest_lbfgs.pt
LBFGS 31100 | total=8.494e-04 f=7.728e-04 ic=8.735e-06 wall=1.023e-05 inlet=3.020e-06 outlet=1.583e-06
LBFGS 31200 | total=8.433e-04 f=7.680e-04 ic=8.754e-06 wall=1.007e-05 inlet=2.939e-06 outlet=1.570e-06
LBFGS 31300 | total=8.368e-04 f=7.632e-04 ic=8.190e-06 wall=9.927e-06 inlet=2.835e-06 outlet=1.554e-06
LBFGS 31400 | total=8.313e-04 f=7.577e-04 ic=8.101e-06 wall=9.985e-06 inlet=2.812e-06 outlet=1.536e-06
LBFGS 31500 | total=8.253e-04 f=7.523e-04 ic=8.614e-06 wall=9.792e-06 inlet=2.772e-06 outlet=1.547e-06
Saved PyTorch checkpoint to ../../results/unsteady/checkpoints/latest_lbfgs.pt
LBFGS 31600 | total=8.194e-04 f=7.461e-04 ic=8.786e-06 wall=9.873e-06 inlet=2.698e-06 outlet=1.578e-06
LBFGS 31700 | total=8.136e-04 f=7.414e-04 ic=9.079e-06 wall=9.672e-06 inlet=2.612e-06 outlet=1.707e-06
LBFGS 31800 | total=8.080e-04 f=7.367e-04 ic=9.082e-06 wall=9.429e-06 inlet=2.650e-06 outlet=1.763e-06
LBFGS 31900 | total=8.028e-04 f=7.314e-04 ic=9.199e-06 wall=9.403e-06 inlet=2.689e-06 outlet=1.760e-06
LBFGS 32000 | total=7.972e-04 f=7.267e-04 ic=9.310e-06 wall=9.278e-06 inlet=2.602e-06 outlet=1.782e-06
Saved PyTorch checkpoint to ../../results/unsteady/checkpoints/latest_lbfgs.pt
LBFGS 32100 | total=7.927e-04 f=7.221e-04 ic=9.259e-06 wall=9.306e-06 inlet=2.598e-06 outlet=1.830e-06
LBFGS 32200 | total=7.878e-04 f=7.175e-04 ic=9.327e-06 wall=9.304e-06 inlet=2.507e-06 outlet=1.841e-06
LBFGS 32300 | total=7.819e-04 f=7.113e-04 ic=9.349e-06 wall=9.412e-06 inlet=2.492e-06 outlet=1.760e-06
LBFGS 32400 | total=7.768e-04 f=7.064e-04 ic=9.361e-06 wall=9.460e-06 inlet=2.417e-06 outlet=1.676e-06
LBFGS 32500 | total=7.717e-04 f=7.012e-04 ic=9.310e-06 wall=9.453e-06 inlet=2.467e-06 outlet=1.590e-06
Saved PyTorch checkpoint to ../../results/unsteady/checkpoints/latest_lbfgs.pt
LBFGS 32600 | total=7.659e-04 f=6.960e-04 ic=9.288e-06 wall=9.287e-06 inlet=2.529e-06 outlet=1.556e-06
LBFGS 32700 | total=7.603e-04 f=6.912e-04 ic=9.497e-06 wall=9.100e-06 inlet=2.489e-06 outlet=1.583e-06
LBFGS 32800 | total=7.554e-04 f=6.868e-04 ic=9.517e-06 wall=8.951e-06 inlet=2.540e-06 outlet=1.607e-06
LBFGS 32900 | total=7.502e-04 f=6.825e-04 ic=9.573e-06 wall=8.817e-06 inlet=2.512e-06 outlet=1.499e-06
LBFGS 33000 | total=7.444e-04 f=6.768e-04 ic=9.584e-06 wall=8.758e-06 inlet=2.560e-06 outlet=1.456e-06
Saved PyTorch checkpoint to ../../results/unsteady/checkpoints/latest_lbfgs.pt
LBFGS 33100 | total=7.387e-04 f=6.717e-04 ic=9.493e-06 wall=8.719e-06 inlet=2.499e-06 outlet=1.404e-06
LBFGS 33200 | total=7.329e-04 f=6.657e-04 ic=9.378e-06 wall=8.703e-06 inlet=2.595e-06 outlet=1.352e-06
LBFGS 33300 | total=7.274e-04 f=6.601e-04 ic=9.468e-06 wall=8.686e-06 inlet=2.637e-06 outlet=1.269e-06
LBFGS 33400 | total=7.224e-04 f=6.557e-04 ic=9.524e-06 wall=8.556e-06 inlet=2.621e-06 outlet=1.285e-06
LBFGS 33500 | total=7.174e-04 f=6.509e-04 ic=9.683e-06 wall=8.500e-06 inlet=2.613e-06 outlet=1.294e-06
Saved PyTorch checkpoint to ../../results/unsteady/checkpoints/latest_lbfgs.pt
LBFGS 33600 | total=7.127e-04 f=6.461e-04 ic=9.539e-06 wall=8.465e-06 inlet=2.680e-06 outlet=1.285e-06
LBFGS 33700 | total=7.075e-04 f=6.410e-04 ic=9.580e-06 wall=8.406e-06 inlet=2.727e-06 outlet=1.264e-06
LBFGS 33800 | total=7.026e-04 f=6.363e-04 ic=9.203e-06 wall=8.367e-06 inlet=2.778e-06 outlet=1.341e-06
LBFGS 33900 | total=6.978e-04 f=6.319e-04 ic=8.996e-06 wall=8.413e-06 inlet=2.715e-06 outlet=1.321e-06
LBFGS 34000 | total=6.939e-04 f=6.284e-04 ic=8.742e-06 wall=8.371e-06 inlet=2.715e-06 outlet=1.328e-06
Saved PyTorch checkpoint to ../../results/unsteady/checkpoints/latest_lbfgs.pt
LBFGS 34100 | total=6.891e-04 f=6.241e-04 ic=8.740e-06 wall=8.331e-06 inlet=2.657e-06 outlet=1.309e-06
LBFGS 34200 | total=6.847e-04 f=6.204e-04 ic=8.673e-06 wall=8.236e-06 inlet=2.632e-06 outlet=1.322e-06
LBFGS 34300 | total=6.808e-04 f=6.156e-04 ic=8.596e-06 wall=8.385e-06 inlet=2.660e-06 outlet=1.376e-06
LBFGS 34400 | total=6.761e-04 f=6.115e-04 ic=8.763e-06 wall=8.309e-06 inlet=2.595e-06 outlet=1.374e-06
LBFGS 34500 | total=6.715e-04 f=6.061e-04 ic=8.785e-06 wall=8.428e-06 inlet=2.596e-06 outlet=1.462e-06
Saved PyTorch checkpoint to ../../results/unsteady/checkpoints/latest_lbfgs.pt
LBFGS 34600 | total=6.667e-04 f=6.018e-04 ic=8.863e-06 wall=8.407e-06 inlet=2.521e-06 outlet=1.413e-06
LBFGS 34700 | total=6.626e-04 f=5.981e-04 ic=8.892e-06 wall=8.359e-06 inlet=2.478e-06 outlet=1.387e-06
LBFGS 34800 | total=6.582e-04 f=5.932e-04 ic=9.048e-06 wall=8.407e-06 inlet=2.485e-06 outlet=1.455e-06
LBFGS 34900 | total=6.536e-04 f=5.888e-04 ic=9.365e-06 wall=8.359e-06 inlet=2.411e-06 outlet=1.521e-06
LBFGS 35000 | total=6.492e-04 f=5.842e-04 ic=9.602e-06 wall=8.291e-06 inlet=2.484e-06 outlet=1.527e-06
Saved PyTorch checkpoint to ../../results/unsteady/checkpoints/latest_lbfgs.pt
LBFGS 35100 | total=6.447e-04 f=5.802e-04 ic=9.768e-06 wall=8.133e-06 inlet=2.471e-06 outlet=1.613e-06
LBFGS 35200 | total=6.403e-04 f=5.753e-04 ic=9.687e-06 wall=8.214e-06 inlet=2.502e-06 outlet=1.711e-06
LBFGS 35300 | total=6.361e-04 f=5.712e-04 ic=9.769e-06 wall=8.190e-06 inlet=2.526e-06 outlet=1.558e-06
LBFGS 35400 | total=6.320e-04 f=5.676e-04 ic=9.676e-06 wall=8.072e-06 inlet=2.569e-06 outlet=1.566e-06
LBFGS 35500 | total=6.279e-04 f=5.638e-04 ic=9.757e-06 wall=7.982e-06 inlet=2.572e-06 outlet=1.558e-06
Saved PyTorch checkpoint to ../../results/unsteady/checkpoints/latest_lbfgs.pt
LBFGS 35600 | total=6.242e-04 f=5.606e-04 ic=9.807e-06 wall=7.928e-06 inlet=2.514e-06 outlet=1.530e-06
LBFGS 35700 | total=6.201e-04 f=5.573e-04 ic=9.652e-06 wall=7.867e-06 inlet=2.457e-06 outlet=1.530e-06
LBFGS 35800 | total=6.163e-04 f=5.545e-04 ic=9.699e-06 wall=7.776e-06 inlet=2.340e-06 outlet=1.529e-06
LBFGS 35900 | total=6.130e-04 f=5.517e-04 ic=9.686e-06 wall=7.725e-06 inlet=2.311e-06 outlet=1.459e-06
LBFGS 36000 | total=6.094e-04 f=5.481e-04 ic=9.746e-06 wall=7.732e-06 inlet=2.306e-06 outlet=1.410e-06
Saved PyTorch checkpoint to ../../results/unsteady/checkpoints/latest_lbfgs.pt
LBFGS 36100 | total=6.062e-04 f=5.455e-04 ic=9.671e-06 wall=7.621e-06 inlet=2.294e-06 outlet=1.424e-06
LBFGS 36200 | total=6.026e-04 f=5.425e-04 ic=9.766e-06 wall=7.554e-06 inlet=2.255e-06 outlet=1.365e-06
LBFGS 36300 | total=5.998e-04 f=5.390e-04 ic=9.720e-06 wall=7.670e-06 inlet=2.282e-06 outlet=1.342e-06
LBFGS 36400 | total=5.969e-04 f=5.366e-04 ic=9.710e-06 wall=7.559e-06 inlet=2.283e-06 outlet=1.395e-06
LBFGS 36500 | total=5.935e-04 f=5.334e-04 ic=9.688e-06 wall=7.516e-06 inlet=2.296e-06 outlet=1.378e-06
Saved PyTorch checkpoint to ../../results/unsteady/checkpoints/latest_lbfgs.pt
LBFGS 36600 | total=5.900e-04 f=5.303e-04 ic=9.619e-06 wall=7.521e-06 inlet=2.238e-06 outlet=1.345e-06
LBFGS 36700 | total=5.866e-04 f=5.280e-04 ic=9.435e-06 wall=7.387e-06 inlet=2.205e-06 outlet=1.260e-06
LBFGS 36800 | total=5.829e-04 f=5.244e-04 ic=9.297e-06 wall=7.349e-06 inlet=2.247e-06 outlet=1.244e-06
LBFGS 36900 | total=5.798e-04 f=5.217e-04 ic=9.230e-06 wall=7.293e-06 inlet=2.225e-06 outlet=1.285e-06
LBFGS 37000 | total=5.766e-04 f=5.184e-04 ic=9.143e-06 wall=7.327e-06 inlet=2.230e-06 outlet=1.290e-06
Saved PyTorch checkpoint to ../../results/unsteady/checkpoints/latest_lbfgs.pt
LBFGS 37100 | total=5.733e-04 f=5.146e-04 ic=9.016e-06 wall=7.457e-06 inlet=2.240e-06 outlet=1.228e-06
LBFGS 37200 | total=5.704e-04 f=5.123e-04 ic=9.011e-06 wall=7.407e-06 inlet=2.186e-06 outlet=1.196e-06
LBFGS 37300 | total=5.672e-04 f=5.097e-04 ic=8.980e-06 wall=7.322e-06 inlet=2.161e-06 outlet=1.116e-06
LBFGS 37400 | total=5.634e-04 f=5.064e-04 ic=8.686e-06 wall=7.323e-06 inlet=2.127e-06 outlet=1.065e-06
LBFGS 37500 | total=5.599e-04 f=5.027e-04 ic=8.639e-06 wall=7.365e-06 inlet=2.135e-06 outlet=1.057e-06
Saved PyTorch checkpoint to ../../results/unsteady/checkpoints/latest_lbfgs.pt
LBFGS 37600 | total=5.567e-04 f=5.002e-04 ic=8.648e-06 wall=7.271e-06 inlet=2.088e-06 outlet=1.079e-06
LBFGS 37700 | total=5.540e-04 f=4.982e-04 ic=8.691e-06 wall=7.152e-06 inlet=2.072e-06 outlet=1.063e-06
LBFGS 37800 | total=5.511e-04 f=4.950e-04 ic=8.692e-06 wall=7.173e-06 inlet=2.084e-06 outlet=1.083e-06
LBFGS 37900 | total=5.481e-04 f=4.921e-04 ic=8.882e-06 wall=7.130e-06 inlet=2.086e-06 outlet=1.054e-06
LBFGS 38000 | total=5.456e-04 f=4.898e-04 ic=9.040e-06 wall=7.066e-06 inlet=2.088e-06 outlet=1.027e-06
Saved PyTorch checkpoint to ../../results/unsteady/checkpoints/latest_lbfgs.pt
LBFGS 38100 | total=5.420e-04 f=4.865e-04 ic=9.100e-06 wall=7.052e-06 inlet=2.025e-06 outlet=1.001e-06
LBFGS 38200 | total=5.384e-04 f=4.838e-04 ic=9.113e-06 wall=6.928e-06 inlet=1.980e-06 outlet=1.018e-06
LBFGS 38300 | total=5.354e-04 f=4.806e-04 ic=9.056e-06 wall=6.955e-06 inlet=1.982e-06 outlet=1.081e-06
LBFGS 38400 | total=5.319e-04 f=4.769e-04 ic=9.143e-06 wall=6.967e-06 inlet=2.002e-06 outlet=1.075e-06
LBFGS 38500 | total=5.286e-04 f=4.735e-04 ic=9.099e-06 wall=7.048e-06 inlet=1.938e-06 outlet=1.081e-06
Saved PyTorch checkpoint to ../../results/unsteady/checkpoints/latest_lbfgs.pt
LBFGS 38600 | total=5.255e-04 f=4.706e-04 ic=9.150e-06 wall=6.965e-06 inlet=1.961e-06 outlet=1.080e-06
LBFGS 38700 | total=5.223e-04 f=4.676e-04 ic=9.369e-06 wall=6.863e-06 inlet=1.988e-06 outlet=1.107e-06
LBFGS 38800 | total=5.189e-04 f=4.642e-04 ic=9.453e-06 wall=6.853e-06 inlet=1.990e-06 outlet=1.132e-06
LBFGS 38900 | total=5.160e-04 f=4.613e-04 ic=9.484e-06 wall=6.787e-06 inlet=2.025e-06 outlet=1.166e-06
LBFGS 39000 | total=5.130e-04 f=4.586e-04 ic=9.587e-06 wall=6.702e-06 inlet=2.032e-06 outlet=1.142e-06
Saved PyTorch checkpoint to ../../results/unsteady/checkpoints/latest_lbfgs.pt
LBFGS 39100 | total=5.103e-04 f=4.560e-04 ic=9.609e-06 wall=6.702e-06 inlet=2.033e-06 outlet=1.071e-06
LBFGS 39200 | total=5.073e-04 f=4.531e-04 ic=9.565e-06 wall=6.712e-06 inlet=2.008e-06 outlet=1.029e-06
LBFGS 39300 | total=5.043e-04 f=4.502e-04 ic=9.553e-06 wall=6.730e-06 inlet=1.985e-06 outlet=9.969e-07
LBFGS 39400 | total=5.010e-04 f=4.471e-04 ic=9.526e-06 wall=6.698e-06 inlet=1.991e-06 outlet=9.507e-07
LBFGS 39500 | total=4.980e-04 f=4.440e-04 ic=9.693e-06 wall=6.686e-06 inlet=1.988e-06 outlet=9.132e-07
Saved PyTorch checkpoint to ../../results/unsteady/checkpoints/latest_lbfgs.pt
LBFGS 39600 | total=4.953e-04 f=4.413e-04 ic=9.734e-06 wall=6.717e-06 inlet=1.941e-06 outlet=9.204e-07
LBFGS 39700 | total=4.928e-04 f=4.387e-04 ic=9.900e-06 wall=6.692e-06 inlet=1.951e-06 outlet=9.081e-07
LBFGS 39800 | total=4.906e-04 f=4.365e-04 ic=9.984e-06 wall=6.660e-06 inlet=1.983e-06 outlet=8.933e-07
LBFGS 39900 | total=4.881e-04 f=4.341e-04 ic=1.002e-05 wall=6.661e-06 inlet=1.947e-06 outlet=8.914e-07
LBFGS 40000 | total=4.855e-04 f=4.315e-04 ic=1.027e-05 wall=6.610e-06 inlet=1.945e-06 outlet=9.097e-07
Saved PyTorch checkpoint to ../../results/unsteady/checkpoints/latest_lbfgs.pt
LBFGS 40100 | total=4.830e-04 f=4.294e-04 ic=1.021e-05 wall=6.543e-06 inlet=1.923e-06 outlet=9.707e-07
LBFGS 40200 | total=4.802e-04 f=4.264e-04 ic=1.022e-05 wall=6.587e-06 inlet=1.928e-06 outlet=9.261e-07
LBFGS 40300 | total=4.772e-04 f=4.235e-04 ic=1.005e-05 wall=6.602e-06 inlet=1.947e-06 outlet=8.808e-07
LBFGS 40400 | total=4.743e-04 f=4.206e-04 ic=1.014e-05 wall=6.534e-06 inlet=2.012e-06 outlet=8.596e-07
LBFGS 40500 | total=4.718e-04 f=4.178e-04 ic=1.036e-05 wall=6.531e-06 inlet=2.024e-06 outlet=8.554e-07
Saved PyTorch checkpoint to ../../results/unsteady/checkpoints/latest_lbfgs.pt
LBFGS 40600 | total=4.692e-04 f=4.153e-04 ic=1.056e-05 wall=6.495e-06 inlet=1.999e-06 outlet=8.416e-07
LBFGS 40700 | total=4.664e-04 f=4.129e-04 ic=1.086e-05 wall=6.404e-06 inlet=1.948e-06 outlet=8.172e-07
LBFGS 40800 | total=4.640e-04 f=4.103e-04 ic=1.089e-05 wall=6.413e-06 inlet=1.978e-06 outlet=8.043e-07
LBFGS 40900 | total=4.616e-04 f=4.081e-04 ic=1.079e-05 wall=6.393e-06 inlet=1.999e-06 outlet=7.683e-07
LBFGS 41000 | total=4.591e-04 f=4.058e-04 ic=1.067e-05 wall=6.384e-06 inlet=1.986e-06 outlet=7.419e-07
Saved PyTorch checkpoint to ../../results/unsteady/checkpoints/latest_lbfgs.pt
LBFGS 41100 | total=4.566e-04 f=4.036e-04 ic=1.069e-05 wall=6.315e-06 inlet=1.997e-06 outlet=7.086e-07
LBFGS 41200 | total=4.541e-04 f=4.016e-04 ic=1.068e-05 wall=6.212e-06 inlet=2.016e-06 outlet=7.116e-07
LBFGS 41300 | total=4.515e-04 f=3.989e-04 ic=1.067e-05 wall=6.224e-06 inlet=2.040e-06 outlet=6.852e-07
LBFGS 41400 | total=4.490e-04 f=3.963e-04 ic=1.073e-05 wall=6.220e-06 inlet=2.038e-06 outlet=6.558e-07
LBFGS 41500 | total=4.463e-04 f=3.940e-04 ic=1.084e-05 wall=6.125e-06 inlet=2.022e-06 outlet=6.535e-07
Saved PyTorch checkpoint to ../../results/unsteady/checkpoints/latest_lbfgs.pt
LBFGS 41600 | total=4.436e-04 f=3.916e-04 ic=1.090e-05 wall=6.099e-06 inlet=2.005e-06 outlet=6.620e-07
LBFGS 41700 | total=4.413e-04 f=3.896e-04 ic=1.083e-05 wall=6.031e-06 inlet=1.996e-06 outlet=6.828e-07
LBFGS 41800 | total=4.391e-04 f=3.877e-04 ic=1.074e-05 wall=6.025e-06 inlet=1.965e-06 outlet=7.022e-07
LBFGS 41900 | total=4.368e-04 f=3.854e-04 ic=1.071e-05 wall=6.056e-06 inlet=1.927e-06 outlet=6.921e-07
LBFGS 42000 | total=4.342e-04 f=3.833e-04 ic=1.069e-05 wall=5.978e-06 inlet=1.934e-06 outlet=6.431e-07
Saved PyTorch checkpoint to ../../results/unsteady/checkpoints/latest_lbfgs.pt
LBFGS 42100 | total=4.315e-04 f=3.809e-04 ic=1.070e-05 wall=5.948e-06 inlet=1.913e-06 outlet=6.511e-07
LBFGS 42200 | total=4.292e-04 f=3.787e-04 ic=1.079e-05 wall=5.954e-06 inlet=1.854e-06 outlet=6.551e-07
LBFGS 42300 | total=4.270e-04 f=3.760e-04 ic=1.087e-05 wall=6.030e-06 inlet=1.870e-06 outlet=6.498e-07
LBFGS 42400 | total=4.251e-04 f=3.738e-04 ic=1.092e-05 wall=6.045e-06 inlet=1.893e-06 outlet=6.138e-07
LBFGS 42500 | total=4.232e-04 f=3.719e-04 ic=1.080e-05 wall=6.081e-06 inlet=1.886e-06 outlet=6.198e-07
Saved PyTorch checkpoint to ../../results/unsteady/checkpoints/latest_lbfgs.pt
LBFGS 42600 | total=4.210e-04 f=3.697e-04 ic=1.069e-05 wall=6.078e-06 inlet=1.932e-06 outlet=6.229e-07
LBFGS 42700 | total=4.190e-04 f=3.679e-04 ic=1.070e-05 wall=6.030e-06 inlet=1.921e-06 outlet=5.842e-07
LBFGS 42800 | total=4.169e-04 f=3.660e-04 ic=1.060e-05 wall=6.035e-06 inlet=1.912e-06 outlet=5.633e-07
LBFGS 42900 | total=4.148e-04 f=3.637e-04 ic=1.067e-05 wall=6.045e-06 inlet=1.918e-06 outlet=5.834e-07
LBFGS 43000 | total=4.128e-04 f=3.617e-04 ic=1.060e-05 wall=6.075e-06 inlet=1.906e-06 outlet=5.507e-07
Saved PyTorch checkpoint to ../../results/unsteady/checkpoints/latest_lbfgs.pt
LBFGS 43100 | total=4.108e-04 f=3.596e-04 ic=1.045e-05 wall=6.107e-06 inlet=1.933e-06 outlet=5.491e-07
LBFGS 43200 | total=4.090e-04 f=3.579e-04 ic=1.054e-05 wall=6.102e-06 inlet=1.898e-06 outlet=5.570e-07
LBFGS 43300 | total=4.070e-04 f=3.561e-04 ic=1.051e-05 wall=6.074e-06 inlet=1.883e-06 outlet=5.743e-07
LBFGS 43400 | total=4.047e-04 f=3.539e-04 ic=1.054e-05 wall=6.060e-06 inlet=1.873e-06 outlet=5.927e-07
LBFGS 43500 | total=4.028e-04 f=3.521e-04 ic=1.042e-05 wall=6.080e-06 inlet=1.838e-06 outlet=6.322e-07
Saved PyTorch checkpoint to ../../results/unsteady/checkpoints/latest_lbfgs.pt
LBFGS 43600 | total=4.010e-04 f=3.502e-04 ic=1.026e-05 wall=6.131e-06 inlet=1.826e-06 outlet=7.137e-07
LBFGS 43700 | total=3.990e-04 f=3.486e-04 ic=1.016e-05 wall=6.090e-06 inlet=1.812e-06 outlet=7.541e-07
LBFGS 43800 | total=3.972e-04 f=3.472e-04 ic=1.009e-05 wall=6.039e-06 inlet=1.793e-06 outlet=7.611e-07
LBFGS 43900 | total=3.952e-04 f=3.457e-04 ic=9.875e-06 wall=6.020e-06 inlet=1.772e-06 outlet=7.151e-07
LBFGS 44000 | total=3.935e-04 f=3.442e-04 ic=9.730e-06 wall=6.011e-06 inlet=1.759e-06 outlet=7.199e-07
Saved PyTorch checkpoint to ../../results/unsteady/checkpoints/latest_lbfgs.pt
LBFGS 44100 | total=3.918e-04 f=3.431e-04 ic=9.613e-06 wall=5.937e-06 inlet=1.748e-06 outlet=7.206e-07
LBFGS 44200 | total=3.902e-04 f=3.414e-04 ic=9.476e-06 wall=5.961e-06 inlet=1.771e-06 outlet=7.477e-07
LBFGS 44300 | total=3.885e-04 f=3.399e-04 ic=9.436e-06 wall=5.940e-06 inlet=1.750e-06 outlet=7.630e-07
LBFGS 44400 | total=3.871e-04 f=3.388e-04 ic=9.400e-06 wall=5.890e-06 inlet=1.729e-06 outlet=7.847e-07
LBFGS 44500 | total=3.852e-04 f=3.373e-04 ic=9.236e-06 wall=5.868e-06 inlet=1.721e-06 outlet=7.270e-07
Saved PyTorch checkpoint to ../../results/unsteady/checkpoints/latest_lbfgs.pt
LBFGS 44600 | total=3.835e-04 f=3.359e-04 ic=9.290e-06 wall=5.822e-06 inlet=1.695e-06 outlet=7.225e-07
LBFGS 44700 | total=3.819e-04 f=3.344e-04 ic=9.298e-06 wall=5.799e-06 inlet=1.702e-06 outlet=6.960e-07
LBFGS 44800 | total=3.800e-04 f=3.327e-04 ic=9.151e-06 wall=5.785e-06 inlet=1.721e-06 outlet=6.637e-07
LBFGS 44900 | total=3.785e-04 f=3.314e-04 ic=9.129e-06 wall=5.778e-06 inlet=1.681e-06 outlet=6.805e-07
LBFGS 45000 | total=3.768e-04 f=3.299e-04 ic=9.124e-06 wall=5.748e-06 inlet=1.663e-06 outlet=6.802e-07
Saved PyTorch checkpoint to ../../results/unsteady/checkpoints/latest_lbfgs.pt
LBFGS 45100 | total=3.752e-04 f=3.284e-04 ic=9.090e-06 wall=5.729e-06 inlet=1.663e-06 outlet=6.942e-07
LBFGS 45200 | total=3.733e-04 f=3.266e-04 ic=9.046e-06 wall=5.741e-06 inlet=1.659e-06 outlet=6.789e-07
LBFGS 45300 | total=3.718e-04 f=3.253e-04 ic=8.929e-06 wall=5.731e-06 inlet=1.652e-06 outlet=6.591e-07
LBFGS 45400 | total=3.702e-04 f=3.241e-04 ic=8.834e-06 wall=5.680e-06 inlet=1.644e-06 outlet=6.609e-07
LBFGS 45500 | total=3.687e-04 f=3.225e-04 ic=8.990e-06 wall=5.651e-06 inlet=1.659e-06 outlet=6.427e-07
Saved PyTorch checkpoint to ../../results/unsteady/checkpoints/latest_lbfgs.pt
LBFGS 45600 | total=3.671e-04 f=3.211e-04 ic=8.890e-06 wall=5.626e-06 inlet=1.672e-06 outlet=6.327e-07
LBFGS 45700 | total=3.656e-04 f=3.198e-04 ic=8.969e-06 wall=5.554e-06 inlet=1.671e-06 outlet=6.714e-07
LBFGS 45800 | total=3.638e-04 f=3.183e-04 ic=8.988e-06 wall=5.482e-06 inlet=1.686e-06 outlet=6.864e-07
LBFGS 45900 | total=3.625e-04 f=3.173e-04 ic=8.904e-06 wall=5.447e-06 inlet=1.662e-06 outlet=6.865e-07
LBFGS 46000 | total=3.610e-04 f=3.161e-04 ic=8.737e-06 wall=5.436e-06 inlet=1.652e-06 outlet=6.858e-07
Saved PyTorch checkpoint to ../../results/unsteady/checkpoints/latest_lbfgs.pt
LBFGS 46100 | total=3.595e-04 f=3.152e-04 ic=8.631e-06 wall=5.371e-06 inlet=1.639e-06 outlet=6.775e-07
LBFGS 46200 | total=3.580e-04 f=3.140e-04 ic=8.552e-06 wall=5.310e-06 inlet=1.648e-06 outlet=6.605e-07
LBFGS 46300 | total=3.566e-04 f=3.129e-04 ic=8.624e-06 wall=5.268e-06 inlet=1.627e-06 outlet=6.413e-07
LBFGS 46400 | total=3.552e-04 f=3.116e-04 ic=8.626e-06 wall=5.269e-06 inlet=1.614e-06 outlet=6.341e-07
LBFGS 46500 | total=3.538e-04 f=3.100e-04 ic=8.669e-06 wall=5.268e-06 inlet=1.642e-06 outlet=6.073e-07
Saved PyTorch checkpoint to ../../results/unsteady/checkpoints/latest_lbfgs.pt
LBFGS 46600 | total=3.523e-04 f=3.083e-04 ic=8.726e-06 wall=5.288e-06 inlet=1.661e-06 outlet=5.636e-07
LBFGS 46700 | total=3.511e-04 f=3.074e-04 ic=8.651e-06 wall=5.218e-06 inlet=1.685e-06 outlet=5.443e-07
LBFGS 46800 | total=3.497e-04 f=3.064e-04 ic=8.536e-06 wall=5.195e-06 inlet=1.656e-06 outlet=5.411e-07
LBFGS 46900 | total=3.483e-04 f=3.051e-04 ic=8.588e-06 wall=5.175e-06 inlet=1.655e-06 outlet=5.188e-07
LBFGS 47000 | total=3.470e-04 f=3.038e-04 ic=8.511e-06 wall=5.151e-06 inlet=1.674e-06 outlet=5.288e-07
Saved PyTorch checkpoint to ../../results/unsteady/checkpoints/latest_lbfgs.pt
LBFGS 47100 | total=3.457e-04 f=3.028e-04 ic=8.517e-06 wall=5.111e-06 inlet=1.672e-06 outlet=5.007e-07
LBFGS 47200 | total=3.446e-04 f=3.018e-04 ic=8.435e-06 wall=5.107e-06 inlet=1.672e-06 outlet=4.940e-07
LBFGS 47300 | total=3.433e-04 f=3.008e-04 ic=8.445e-06 wall=5.051e-06 inlet=1.674e-06 outlet=4.633e-07
LBFGS 47400 | total=3.420e-04 f=2.996e-04 ic=8.334e-06 wall=5.042e-06 inlet=1.666e-06 outlet=4.539e-07
LBFGS 47500 | total=3.406e-04 f=2.982e-04 ic=8.346e-06 wall=5.040e-06 inlet=1.667e-06 outlet=4.338e-07
Saved PyTorch checkpoint to ../../results/unsteady/checkpoints/latest_lbfgs.pt
LBFGS 47600 | total=3.392e-04 f=2.969e-04 ic=8.340e-06 wall=5.022e-06 inlet=1.697e-06 outlet=4.112e-07
LBFGS 47700 | total=3.380e-04 f=2.955e-04 ic=8.255e-06 wall=5.045e-06 inlet=1.712e-06 outlet=4.133e-07
LBFGS 47800 | total=3.367e-04 f=2.942e-04 ic=8.074e-06 wall=5.052e-06 inlet=1.735e-06 outlet=4.176e-07
LBFGS 47900 | total=3.352e-04 f=2.929e-04 ic=7.969e-06 wall=5.023e-06 inlet=1.763e-06 outlet=4.274e-07
LBFGS 48000 | total=3.340e-04 f=2.917e-04 ic=7.886e-06 wall=5.035e-06 inlet=1.762e-06 outlet=4.165e-07
Saved PyTorch checkpoint to ../../results/unsteady/checkpoints/latest_lbfgs.pt
LBFGS 48100 | total=3.328e-04 f=2.909e-04 ic=7.873e-06 wall=4.999e-06 inlet=1.745e-06 outlet=3.837e-07
LBFGS 48200 | total=3.317e-04 f=2.900e-04 ic=7.696e-06 wall=4.979e-06 inlet=1.737e-06 outlet=3.903e-07
LBFGS 48300 | total=3.305e-04 f=2.889e-04 ic=7.627e-06 wall=4.958e-06 inlet=1.743e-06 outlet=3.896e-07
LBFGS 48400 | total=3.293e-04 f=2.878e-04 ic=7.570e-06 wall=4.975e-06 inlet=1.740e-06 outlet=3.754e-07
LBFGS 48500 | total=3.282e-04 f=2.867e-04 ic=7.557e-06 wall=4.962e-06 inlet=1.747e-06 outlet=3.530e-07
Saved PyTorch checkpoint to ../../results/unsteady/checkpoints/latest_lbfgs.pt
LBFGS 48600 | total=3.271e-04 f=2.856e-04 ic=7.548e-06 wall=4.963e-06 inlet=1.748e-06 outlet=3.585e-07
LBFGS 48700 | total=3.261e-04 f=2.846e-04 ic=7.489e-06 wall=4.970e-06 inlet=1.752e-06 outlet=3.751e-07
LBFGS 48800 | total=3.251e-04 f=2.837e-04 ic=7.460e-06 wall=4.942e-06 inlet=1.752e-06 outlet=3.890e-07
LBFGS 48900 | total=3.240e-04 f=2.829e-04 ic=7.392e-06 wall=4.887e-06 inlet=1.775e-06 outlet=3.840e-07
LBFGS 49000 | total=3.228e-04 f=2.818e-04 ic=7.286e-06 wall=4.885e-06 inlet=1.773e-06 outlet=3.806e-07
Saved PyTorch checkpoint to ../../results/unsteady/checkpoints/latest_lbfgs.pt
LBFGS 49100 | total=3.214e-04 f=2.805e-04 ic=7.257e-06 wall=4.861e-06 inlet=1.801e-06 outlet=3.829e-07
LBFGS 49200 | total=3.203e-04 f=2.795e-04 ic=7.181e-06 wall=4.845e-06 inlet=1.795e-06 outlet=3.970e-07
LBFGS 49300 | total=3.190e-04 f=2.783e-04 ic=7.070e-06 wall=4.854e-06 inlet=1.801e-06 outlet=3.907e-07
LBFGS 49400 | total=3.177e-04 f=2.770e-04 ic=7.059e-06 wall=4.845e-06 inlet=1.815e-06 outlet=3.795e-07
LBFGS 49500 | total=3.167e-04 f=2.760e-04 ic=7.071e-06 wall=4.832e-06 inlet=1.808e-06 outlet=3.818e-07
Saved PyTorch checkpoint to ../../results/unsteady/checkpoints/latest_lbfgs.pt
LBFGS 49600 | total=3.157e-04 f=2.751e-04 ic=7.087e-06 wall=4.839e-06 inlet=1.787e-06 outlet=3.776e-07
LBFGS 49700 | total=3.148e-04 f=2.742e-04 ic=7.098e-06 wall=4.799e-06 inlet=1.817e-06 outlet=3.618e-07
LBFGS 49800 | total=3.136e-04 f=2.731e-04 ic=7.142e-06 wall=4.801e-06 inlet=1.814e-06 outlet=3.375e-07
LBFGS 49900 | total=3.126e-04 f=2.723e-04 ic=7.115e-06 wall=4.788e-06 inlet=1.777e-06 outlet=3.462e-07
LBFGS 50000 | total=3.116e-04 f=2.714e-04 ic=7.083e-06 wall=4.788e-06 inlet=1.776e-06 outlet=3.339e-07
Saved PyTorch checkpoint to ../../results/unsteady/checkpoints/latest_lbfgs.pt
Saved PyTorch checkpoint to ../../results/unsteady/checkpoints/latest_lbfgs.pt
--- 5721.14 seconds ---
Saved PyTorch checkpoint to ../../results/unsteady/checkpoints/latest.pt
